2026-08-07T20:33:35Z	phase	B
2026-08-07T20:33:35Z	mode	usb
2026-08-07T20:33:35Z	device.udid	00008120-001E11211184C01E
2026-08-07T20:33:35Z	ipa	/tmp/opencode/sidetest.ipa
2026-08-07T20:33:35Z	bundle_id	org.sidey.phasetest
2026-08-07T20:33:35Z	list:exit	0
2026-08-07T20:33:35Z	validate:exit	0
2026-08-07T20:33:36Z	info:exit	0
2026-08-07T20:33:39Z	apps:exit	0
2026-08-07T20:33:39Z	list.udid	00008120-001E11211184C01E connection=Usb
2026-08-07T20:33:39Z	info.[2m2026-08-07T20:33:35.941062Z[0m [32m INFO[0m [2mtransport_spike[0m[2m:[0m device: udid	00008120-001E11211184C01E connection=Usb
2026-08-07T20:33:39Z	info.DeviceName	ACU Covert Camera
2026-08-07T20:33:39Z	info.ProductType	iPhone15,2
2026-08-07T20:33:39Z	info.ProductVersion	27.0
2026-08-07T20:33:39Z	info.BuildVersion	24A5390f
2026-08-07T20:33:39Z	info.UniqueDeviceID	00008120-001E11211184C01E
2026-08-07T20:33:39Z	info.WiFiAddress	70:b3:06:24:83:be
2026-08-07T20:33:39Z	info.DeviceClass	iPhone
2026-08-07T20:33:39Z	validate.[2m2026-08-07T20:33:35.765886Z[0m [32m INFO[0m [2mtransport_spike[0m[2m:[0m device: udid	00008120-001E11211184C01E connection=Usb
2026-08-07T20:33:39Z	validate.pair_record	present
2026-08-07T20:33:39Z	validate.session	ok product_version=27.0
2026-08-07T20:33:39Z	sign.v1.start	2026-08-07T20:33:39Z
2026-08-07T20:33:43Z	sign.v1.exit	0
2026-08-07T20:33:43Z	sign.v1.profile_expiry	2026-08-14T20:33:42Z
2026-08-07T20:33:43Z	sign.v1.cert_serial	32BA6B7154E31C45F1963D07A54B19EB
2026-08-07T20:33:43Z	sign.v1.team_id	A7VT6RU6XK
2026-08-07T20:33:47Z	install-v1:exit	0
2026-08-07T20:33:57Z	verify-v1:exit	0
2026-08-07T20:33:58Z	documents:exit	1
