[2m2026-08-07T20:38:01.539088Z[0m [32m INFO[0m [2mtransport_spike[0m[2m:[0m device: udid=00008120-001E11211184C01E connection=Usb
installed bundle_id=org.sidey.phasetest.A7VT6RU6XK version=1.0.0 build=1 path=/private/var/containers/Bundle/Application/5D5C70C9-6CD5-4070-8549-95E6883FEEF2/PhaseTest.app min_os=15.0
provisioning_profiles=211
profile uuid=40B7D4B9-6FDB-444D-BDF1-A82AC820E7E4 name=iOS Team Store Provisioning Profile: com.vaulthuntersnm.HomeMapper expiry=2026-08-26T15:18:21Z matches_bundle=false app_ids=U325GS9AYG.com.vaulthuntersnm.HomeMapper
profile uuid=BB403564-17B1-4C89-A289-81767D28C8E3 name=iOS Team Store Provisioning Profile: fm.earsay.asset-downloader expiry=2026-08-29T02:38:29Z matches_bundle=false app_ids=4GB7LATCNU.fm.earsay.asset-downloader
profile uuid=55BD76E5-0C66-4F00-857B-3E243A518F6B name=iOS Team Store Provisioning Profile: fm.earsay expiry=2026-08-29T02:38:29Z matches_bundle=false app_ids=4GB7LATCNU.fm.earsay
profile uuid=B1D33935-7CFA-4E45-A944-AE9B699161B2 name=iOS Team Store Provisioning Profile: fm.earsay.widgets expiry=2026-08-29T02:38:29Z matches_bundle=false app_ids=4GB7LATCNU.fm.earsay.widgets
profile uuid=01867E8D-2259-4E4D-96A8-EF63C11725B2 name=iOS Team Store Provisioning Profile: fm.earsay.watch expiry=2026-08-29T02:38:29Z matches_bundle=false app_ids=4GB7LATCNU.fm.earsay.watch
profile uuid=8D71AF3D-2671-4C90-B008-9E21462964CF name=match AppStore com.plexapp.plex.NotificationsService expiry=2026-09-13T16:42:01Z matches_bundle=false app_ids=K4QJ56KR4A.com.plexapp.plex.NotificationsService
profile uuid=BB8C9F28-1E25-4B57-B8BC-8F7CD56E0421 name=match AppStore com.plexapp.plex expiry=2026-09-13T16:42:01Z matches_bundle=false app_ids=64UQD6MX6T.com.plexapp.plex
profile uuid=38A4F1DB-3A1B-4403-AA4D-1AABEAFA915E name=match AppStore tv.plex.rn.app.NotificationsService expiry=2026-09-13T16:46:05Z matches_bundle=false app_ids=K4QJ56KR4A.tv.plex.rn.app.NotificationsService
profile uuid=9AB904CC-75FC-4357-8465-34A7C8913A1C name=match AppStore tv.plex.rn.app expiry=2026-09-13T16:46:05Z matches_bundle=false app_ids=K4QJ56KR4A.tv.plex.rn.app
profile uuid=7CDE0FDE-EFCC-41B8-A7A0-35B34DAA1318 name=iOS Team Store Provisioning Profile: com.mobilefootie.fotmobpro.serviceextension expiry=2026-10-08T12:03:49Z matches_bundle=false app_ids=MWA7HDX56V.com.mobilefootie.fotmobpro.serviceextension
profile uuid=1F64504E-331C-44AC-B25F-522719533060 name=iOS Team Store Provisioning Profile: com.mobilefootie.fotmobpro.FavoriteTeamWidget expiry=2026-10-08T12:03:49Z matches_bundle=false app_ids=MWA7HDX56V.com.mobilefootie.fotmobpro.FavoriteTeamWidget
profile uuid=F86FDD12-DC43-477E-BF80-782AF35D725F name=iOS Team Store Provisioning Profile: com.mobilefootie.fotmobpro.FavoriteTeamWidgetIntent expiry=2026-10-08T12:03:49Z matches_bundle=false app_ids=MWA7HDX56V.com.mobilefootie.fotmobpro.FavoriteTeamWidgetIntent
profile uuid=CE5F79C8-8467-49B0-A6B8-1D84C70DBB5C name=iOS Team Store Provisioning Profile: com.mobilefootie.fotmobpro expiry=2026-10-08T12:03:49Z matches_bundle=false app_ids=MWA7HDX56V.com.mobilefootie.fotmobpro
profile uuid=6035F3D9-8B4C-4E12-9405-F69B23B481CB name=iOS Team Store Provisioning Profile: com.mobilefootie.fotmobpro.TodayScores expiry=2026-10-08T12:03:49Z matches_bundle=false app_ids=MWA7HDX56V.com.mobilefootie.fotmobpro.TodayScores
profile uuid=AE2BF0B5-8864-4B96-B134-46FEE3C2330D name=iOS Team Store Provisioning Profile: com.mobilefootie.fotmobpro.contentextension expiry=2026-10-08T12:03:49Z matches_bundle=false app_ids=MWA7HDX56V.com.mobilefootie.fotmobpro.contentextension
profile uuid=F883C477-A682-4E20-94FF-BA0C3FBEBA10 name=iOS Team Store Provisioning Profile: com.mobilefootie.fotmobpro.watchkitapp.watchkitappWidgets expiry=2026-10-08T12:03:49Z matches_bundle=false app_ids=MWA7HDX56V.com.mobilefootie.fotmobpro.watchkitapp.watchkitappWidgets
profile uuid=BC0F4AF9-ECDD-4626-97C6-809E64B38695 name=iOS Team Store Provisioning Profile: com.mobilefootie.fotmobpro.watchkitapp expiry=2026-10-08T12:03:49Z matches_bundle=false app_ids=MWA7HDX56V.com.mobilefootie.fotmobpro.watchkitapp
profile uuid=C0A97B30-92CF-42EA-873D-2ABC44E2270A name=com_spotify_client_appstore expiry=2026-10-12T08:33:55Z matches_bundle=false app_ids=8W66MEA7DD.com.spotify.client
profile uuid=35DA3986-CBE3-493B-9623-B87F1E72F12B name=RevolutApplePayDistributionProfile expiry=2026-10-14T00:58:16Z matches_bundle=false app_ids=QUZEZSEARC.com.revolut.revolut
profile uuid=1A299277-E639-4DA0-BCF1-0D1D984D1581 name=iOS Team Store Provisioning Profile: com.lpierpoint.strand expiry=2026-10-15T07:41:16Z matches_bundle=false app_ids=8JR4R8VQ57.com.lpierpoint.strand
profile uuid=58F5F460-B4F1-42ED-B034-97E128FF910F name=iOS Team Store Provisioning Profile: com.kylebashour.aqi-wtf.watchkitapp.PakuWatchWidget expiry=2026-10-17T22:54:18Z matches_bundle=false app_ids=ZEAD23GG77.com.kylebashour.aqi-wtf.watchkitapp.PakuWatchWidget
profile uuid=07DD0F0D-A241-4BEB-874B-7201F1123840 name=iOS Team Store Provisioning Profile: com.kylebashour.aqi-wtf expiry=2026-10-17T22:54:18Z matches_bundle=false app_ids=ZEAD23GG77.com.kylebashour.aqi-wtf
profile uuid=2522D926-8DF9-4794-9264-647CB4DD50E9 name=iOS Team Store Provisioning Profile: com.kylebashour.aqi-wtf.watchkitapp expiry=2026-10-17T22:54:18Z matches_bundle=false app_ids=ZEAD23GG77.com.kylebashour.aqi-wtf.watchkitapp
profile uuid=40C8B3A4-E7D7-4149-962C-7B420A91EA1A name=iOS Team Store Provisioning Profile: com.kylebashour.aqi-wtf.NotificationService expiry=2026-10-17T22:54:18Z matches_bundle=false app_ids=ZEAD23GG77.com.kylebashour.aqi-wtf.NotificationService
profile uuid=F97B8DE5-AAEE-4460-9607-CBB0FE8285D6 name=iOS Team Store Provisioning Profile: com.kylebashour.aqi-wtf.aqi-widget expiry=2026-10-17T22:54:18Z matches_bundle=false app_ids=ZEAD23GG77.com.kylebashour.aqi-wtf.aqi-widget
profile uuid=3874D4FF-3034-47D6-8509-BC8858705CBD name=iOS Team Store Provisioning Profile: com.benjaminlevinson.media expiry=2026-10-20T13:35:41Z matches_bundle=false app_ids=M379WPVT8A.com.benjaminlevinson.media
profile uuid=A48B690A-084A-4EB1-AA6F-7919D5BCDD47 name=match AppStore io.b2a.BankProd.WalletExtension expiry=2026-10-26T09:07:10Z matches_bundle=false app_ids=6944V8G4S2.io.b2a.BankProd.WalletExtension
profile uuid=6E981162-50FA-4320-B35D-D1F462933EE7 name=match AppStore io.b2a.BankProd.WalletUIExtension expiry=2026-10-26T09:07:10Z matches_bundle=false app_ids=6944V8G4S2.io.b2a.BankProd.WalletUIExtension
profile uuid=1AEA4F88-1C35-4380-8080-0D8E2A9475B7 name=match AppStore io.b2a.BankProd.TimelineLiveActivityExtension expiry=2026-10-26T09:07:10Z matches_bundle=false app_ids=6944V8G4S2.io.b2a.BankProd.TimelineLiveActivityExtension
profile uuid=7504CE04-104E-425E-B440-D3D116AD86E1 name=match AppStore io.b2a.BankProd.MonzoAppClip expiry=2026-10-26T09:07:10Z matches_bundle=false app_ids=6944V8G4S2.io.b2a.BankProd.MonzoAppClip
profile uuid=F6893747-8208-4BFF-9E96-535E135F1AB2 name=match AppStore io.b2a.BankProd expiry=2026-10-26T09:07:10Z matches_bundle=false app_ids=6944V8G4S2.io.b2a.BankProd
profile uuid=3BE3F6A5-E2A0-4B3E-84DB-43177EFD0571 name=iOS Team Store Provisioning Profile: com.kagi.kagiiOS.AutoFillProvider expiry=2026-10-28T10:27:23Z matches_bundle=false app_ids=TFVG979488.com.kagi.kagiiOS.AutoFillProvider
profile uuid=20F5655B-07CB-414A-8C88-3D393FB2A323 name=iOS Team Store Provisioning Profile: com.kagi.kagiiOS expiry=2026-10-28T10:27:23Z matches_bundle=false app_ids=TFVG979488.com.kagi.kagiiOS
profile uuid=2116197B-9BC3-43D6-895A-DAE8A26C3AC4 name=iOS Team Store Provisioning Profile: com.kagi.kagiiOS.ShareExtension expiry=2026-10-28T10:27:23Z matches_bundle=false app_ids=TFVG979488.com.kagi.kagiiOS.ShareExtension
profile uuid=C9223463-E6F2-4A00-BC3E-22FBF735FCD9 name=iOS Team Store Provisioning Profile: com.kagi.kagiiOS.ActionExtension expiry=2026-10-28T10:27:23Z matches_bundle=false app_ids=TFVG979488.com.kagi.kagiiOS.ActionExtension
profile uuid=E30F6E52-3845-4D7F-B310-34CC4C9EEB82 name=iOS Team Store Provisioning Profile: com.benjaminlevinson.media expiry=2026-10-27T01:04:27Z matches_bundle=false app_ids=M379WPVT8A.com.benjaminlevinson.media
profile uuid=EBF4FC69-915B-4BC9-AD5D-E67EDEF23A17 name=iOS Team Store Provisioning Profile: com.benjaminlevinson.media.DownloadActivityWidget expiry=2026-10-27T01:04:27Z matches_bundle=false app_ids=M379WPVT8A.com.benjaminlevinson.media.DownloadActivityWidget
profile uuid=7756D4CC-0450-4E09-986C-1922BA759AD5 name=iOS Team Store Provisioning Profile: com.lpierpoint.strand expiry=2026-10-27T10:13:47Z matches_bundle=false app_ids=8JR4R8VQ57.com.lpierpoint.strand
profile uuid=E9198F57-7F1E-4D6D-84C7-2567A999E645 name=XC de jrpDevelopment homemanager ios_app_store 1781279583 expiry=2026-10-29T11:52:38Z matches_bundle=false app_ids=87C2986JW5.de.jrpDevelopment.homemanager
profile uuid=243A933C-1A1A-4989-825A-2148A42D1EBE name=com.revolut.revolut.IntentsExtension-distribution expiry=2026-10-29T00:54:29Z matches_bundle=false app_ids=QUZEZSEARC.com.revolut.revolut.IntentsExtension
profile uuid=E475D849-4DE8-4F10-B958-CF2EE36AE7FF name=Revolut ShortcutsWidget Distribution Profile expiry=2026-10-29T00:54:29Z matches_bundle=false app_ids=QUZEZSEARC.com.revolut.revolut.ShortcutsWidget
profile uuid=36CBBD1A-4F1A-4BEC-B6E4-42BA4CF76674 name=RevolutApplePayDistributionProfile expiry=2026-10-29T00:54:29Z matches_bundle=false app_ids=QUZEZSEARC.com.revolut.revolut
profile uuid=F2B72147-0C52-4A8D-97B3-C53F00F50F85 name=com.revolut.revolut.WalletExtension-distribution expiry=2026-10-29T00:54:29Z matches_bundle=false app_ids=QUZEZSEARC.com.revolut.revolut.WalletExtension
profile uuid=12E7CCC3-0610-4CA8-BDAE-DC76770426F7 name=com.revolut.revolut.Clip AppStore expiry=2026-10-29T00:54:29Z matches_bundle=false app_ids=QUZEZSEARC.com.revolut.revolut.Clip
profile uuid=D6472DC2-AF1C-41EF-BC9F-DE6DDBC06EFD name=RevolutDistributionProfileWatchkitextension expiry=2026-10-29T00:54:29Z matches_bundle=false app_ids=QUZEZSEARC.com.revolut.revolut.watchkitapp.watchkitextension
profile uuid=E31AFFA5-F93A-4FDC-9D9B-2774A4462827 name=NotificationService Distribution Profile expiry=2026-10-29T00:54:29Z matches_bundle=false app_ids=QUZEZSEARC.com.revolut.revolut.NotificationService
profile uuid=70F3FEF3-6201-4E82-8567-392E163A217E name=com.revolut.revolut.WalletAuthExtension-distribution expiry=2026-10-29T00:54:29Z matches_bundle=false app_ids=QUZEZSEARC.com.revolut.revolut.WalletAuthExtension
profile uuid=72A6F58B-1030-441B-9E98-D60C73EB929F name=RevolutDistributionProfileWatchkitapp expiry=2026-10-29T00:54:29Z matches_bundle=false app_ids=QUZEZSEARC.com.revolut.revolut.watchkitapp
profile uuid=DC3A388A-77BE-40F8-AB31-3CCEC3E2908F name=iOS Team Store Provisioning Profile: io.tailscale.ipn.ios.file-provider expiry=2026-10-29T02:51:30Z matches_bundle=false app_ids=W5364U7YZB.io.tailscale.ipn.ios.file-provider
profile uuid=CF8B8AA2-73E3-4213-8215-743BA821721A name=iOS Team Store Provisioning Profile: io.tailscale.ipn.ios.share-extension expiry=2026-10-29T02:51:30Z matches_bundle=false app_ids=W5364U7YZB.io.tailscale.ipn.ios.share-extension
profile uuid=16260EE4-F1FD-4E9D-A7BF-5D24F2540227 name=iOS Team Store Provisioning Profile: io.tailscale.ipn.ios expiry=2026-10-29T02:51:30Z matches_bundle=false app_ids=W5364U7YZB.io.tailscale.ipn.ios
profile uuid=7456F47B-EDAB-44AF-BB17-C3B2775E6632 name=iOS Team Store Provisioning Profile: io.tailscale.ipn.ios.file-provider-ui expiry=2026-10-29T02:51:30Z matches_bundle=false app_ids=W5364U7YZB.io.tailscale.ipn.ios.file-provider-ui
profile uuid=2D85BEEF-AF1C-4B8E-A5D5-321CEF78359B name=iOS Team Store Provisioning Profile: io.tailscale.ipn.ios.network-extension expiry=2026-10-29T02:51:30Z matches_bundle=false app_ids=W5364U7YZB.io.tailscale.ipn.ios.network-extension
profile uuid=60DEAA81-A16B-4507-AAE2-46886BA948F9 name=iOS Team Store Provisioning Profile: io.tailscale.ipn.ios.widgets expiry=2026-10-29T02:51:30Z matches_bundle=false app_ids=W5364U7YZB.io.tailscale.ipn.ios.widgets
profile uuid=348DD022-9F66-4340-A08B-91145C599341 name=iOS Team Store Provisioning Profile: co.helios-app expiry=2026-10-29T22:20:13Z matches_bundle=false app_ids=4Z688534J6.co.helios-app
profile uuid=A0CA525B-F399-4E4A-82FD-484AF08652CF name=iOS Team Store Provisioning Profile: co.helios-app.watchkitapp expiry=2026-10-29T22:20:13Z matches_bundle=false app_ids=4Z688534J6.co.helios-app.watchkitapp
profile uuid=8C27AD74-B9EC-445B-BF24-9B706903E4F8 name=iOS Team Store Provisioning Profile: co.helios-app.safari-extension expiry=2026-10-29T22:20:13Z matches_bundle=false app_ids=4Z688534J6.co.helios-app.safari-extension
profile uuid=C49E9E3B-9639-4C56-8102-8B55F25AB725 name=iOS Team Store Provisioning Profile: co.helios-app.widget expiry=2026-10-29T22:20:13Z matches_bundle=false app_ids=4Z688534J6.co.helios-app.widget
profile uuid=14605504-EEF8-4A5E-9FC2-A3140D9ABBF5 name=com_spotify_client_appstore expiry=2026-10-30T06:23:31Z matches_bundle=false app_ids=8W66MEA7DD.com.spotify.client
profile uuid=7D671C07-76A1-446C-A2B1-28AB5D1DBD72 name=com_spotify_client_watchkitapp_widget_appstore expiry=2026-10-30T06:23:31Z matches_bundle=false app_ids=2FNC3A47ZF.com.spotify.client.watchkitapp.widget
profile uuid=0AF90A82-2E14-4790-88F3-91B90B6B33CB name=com_spotify_client_watchkitapp_appstore expiry=2026-10-30T06:23:31Z matches_bundle=false app_ids=2FNC3A47ZF.com.spotify.client.watchkitapp
profile uuid=B794AAB5-8DEE-4EE6-AA67-2011DD92B50B name=com_spotify_client_watchkitapp_intents_appstore expiry=2026-10-30T06:23:31Z matches_bundle=false app_ids=2FNC3A47ZF.com.spotify.client.watchkitapp.intents
profile uuid=50D1AFAD-CBDF-4A28-B30E-2CE2BAC1C942 name=com_spotify_client_notification_appstore expiry=2026-10-30T06:23:31Z matches_bundle=false app_ids=8W66MEA7DD.com.spotify.client.notification
profile uuid=8F952ED7-CCD1-490C-AD52-2FC6037385A0 name=com_spotify_client_widgetnowplaying_appstore expiry=2026-10-30T06:23:31Z matches_bundle=false app_ids=2FNC3A47ZF.com.spotify.client.widgetnowplaying
profile uuid=E70B17E4-20F3-4448-8E94-162EE5DB5C18 name=com_spotify_client_notificationcontent_appstore expiry=2026-10-30T06:23:31Z matches_bundle=false app_ids=2FNC3A47ZF.com.spotify.client.notificationcontent
profile uuid=EE02B03F-DF78-4416-B341-E3802E466DB0 name=com_spotify_client_intents_appstore expiry=2026-10-30T06:23:31Z matches_bundle=false app_ids=8W66MEA7DD.com.spotify.client.intents
profile uuid=6AC8C07C-5267-42F8-888B-F2E85DDA1427 name=Musically_Dis_WalletShareExtension expiry=2026-11-01T10:53:59Z matches_bundle=false app_ids=MJ797D8U6F.com.zhiliaoapp.musically.WalletShareExtension
profile uuid=BA3826A4-9CBA-4311-ACCB-9AC210512320 name=Musically_Dis_WIDGET_EXTENSION expiry=2026-11-01T10:53:59Z matches_bundle=false app_ids=MJ797D8U6F.com.zhiliaoapp.musically.TTWidgetExtension
profile uuid=F8692763-5D1F-4AAE-BC49-77AE61EF79C1 name=Musically_Dis_WalletAuthExtension expiry=2026-11-01T10:53:59Z matches_bundle=false app_ids=MJ797D8U6F.com.zhiliaoapp.musically.WalletAuthExtension
profile uuid=75E9C69E-7922-45C2-A3E5-1ADBA2E9C837 name=Musically_Dis_TODAY_WIDGET expiry=2026-11-01T10:53:59Z matches_bundle=false app_ids=MJ797D8U6F.com.zhiliaoapp.musically.TodayWidget
profile uuid=62D08264-FEC8-4145-8D47-8BFA248D9D11 name=prod-server-appstore expiry=2026-11-01T10:53:59Z matches_bundle=false app_ids=MJ797D8U6F.com.zhiliaoapp.musically
profile uuid=BF22D6EB-FA6B-4D81-9202-01CE2256BF09 name=Musically_Dis_PUSH_NOTIFICATION_ATTACHMENT expiry=2026-11-01T10:53:59Z matches_bundle=false app_ids=MJ797D8U6F.com.zhiliaoapp.musically.PushNotificationAttachment
profile uuid=3A349A62-DDE0-4736-8048-58A2436F5988 name=musically share ext prod expiry=2026-11-01T10:53:59Z matches_bundle=false app_ids=MJ797D8U6F.com.zhiliaoapp.musically.ShareExtension
profile uuid=40ACBAAD-2764-492D-A393-7F4E381CB73B name=match AppStore so.notion.NotionAI.Prod expiry=2026-11-01T04:54:41Z matches_bundle=false app_ids=LBQJ96FQ8D.so.notion.NotionAI.Prod
profile uuid=B332F377-81CF-4344-A5FC-274D4C0D3585 name=match AppStore so.notion.NotionAI.Prod.Widgets expiry=2026-11-01T04:54:41Z matches_bundle=false app_ids=LBQJ96FQ8D.so.notion.NotionAI.Prod.Widgets
profile uuid=9773C1DD-2FB7-4233-9CF7-801DFCD4099B name=Musically_Dis_IntentExtension expiry=2026-11-01T19:03:40Z matches_bundle=false app_ids=MJ797D8U6F.com.zhiliaoapp.musically.IntentExtension
profile uuid=330694AE-F47F-4DF0-83E8-454AA9E40D49 name=Musically_Dis_IMESSAGE expiry=2026-11-01T19:03:40Z matches_bundle=false app_ids=MJ797D8U6F.com.zhiliaoapp.musically.imessage
profile uuid=ADC1B020-72FB-4CEB-9267-9F729BC2F842 name=Musically_BYTEMOD_VIDEO_BROADCAST_EXTENSION expiry=2026-11-01T19:03:40Z matches_bundle=false app_ids=MJ797D8U6F.com.zhiliaoapp.musically.VideoBroadcastExtension1
profile uuid=F0B584C6-E513-4278-AC16-2EA60412F989 name=Musically_Dis_WalletShareExtension expiry=2026-11-01T19:03:40Z matches_bundle=false app_ids=MJ797D8U6F.com.zhiliaoapp.musically.WalletShareExtension
profile uuid=5AED80FE-1B11-475E-A0F3-829DD94E16BE name=Musically_Dis_WIDGET_EXTENSION expiry=2026-11-01T19:03:40Z matches_bundle=false app_ids=MJ797D8U6F.com.zhiliaoapp.musically.TTWidgetExtension
profile uuid=F334506B-601A-46BA-9462-9AD715B16D71 name=Musically_Dis_WalletAuthExtension expiry=2026-11-01T19:03:40Z matches_bundle=false app_ids=MJ797D8U6F.com.zhiliaoapp.musically.WalletAuthExtension
profile uuid=AD0B29F2-EF37-479B-9C13-D95A8FEFCC93 name=Musically_Dis_TODAY_WIDGET expiry=2026-11-01T19:03:40Z matches_bundle=false app_ids=MJ797D8U6F.com.zhiliaoapp.musically.TodayWidget
profile uuid=2241D457-7755-41BD-828E-1D67EA7E1ECC name=prod-server-appstore expiry=2026-11-01T19:03:40Z matches_bundle=false app_ids=MJ797D8U6F.com.zhiliaoapp.musically
profile uuid=3012CFEC-D50A-40D6-BC5F-2B3A08179F4A name=Musically_Dis_PUSH_NOTIFICATION_ATTACHMENT expiry=2026-11-01T19:03:40Z matches_bundle=false app_ids=MJ797D8U6F.com.zhiliaoapp.musically.PushNotificationAttachment
profile uuid=2349B97D-4CC5-4BC5-BD9A-E9FBD95C8314 name=musically share ext prod expiry=2026-11-01T19:03:40Z matches_bundle=false app_ids=MJ797D8U6F.com.zhiliaoapp.musically.ShareExtension
profile uuid=ABCE36BB-F316-4BFD-A723-0F0DE5D03BA3 name=com.revolut.revolut.IntentsExtension-distribution expiry=2026-11-02T07:35:53Z matches_bundle=false app_ids=QUZEZSEARC.com.revolut.revolut.IntentsExtension
profile uuid=4F31CF12-8C78-49FB-A806-0343FF96E96C name=Revolut ShortcutsWidget Distribution Profile expiry=2026-11-02T07:35:53Z matches_bundle=false app_ids=QUZEZSEARC.com.revolut.revolut.ShortcutsWidget
profile uuid=87FEEFC3-72EB-4767-A036-EBE616F93737 name=RevolutApplePayDistributionProfile expiry=2026-11-02T07:35:53Z matches_bundle=false app_ids=QUZEZSEARC.com.revolut.revolut
profile uuid=321FD63A-9F1D-40C6-946C-D6AC04F1C571 name=com.revolut.revolut.WalletExtension-distribution expiry=2026-11-02T07:35:53Z matches_bundle=false app_ids=QUZEZSEARC.com.revolut.revolut.WalletExtension
profile uuid=6EBF61C6-EC72-4694-A6F2-A15B2A11EE98 name=com.revolut.revolut.Clip AppStore expiry=2026-11-02T07:35:53Z matches_bundle=false app_ids=QUZEZSEARC.com.revolut.revolut.Clip
profile uuid=88B3E915-547F-4806-8CE0-E578352FC6D3 name=RevolutDistributionProfileWatchkitextension expiry=2026-11-02T07:35:53Z matches_bundle=false app_ids=QUZEZSEARC.com.revolut.revolut.watchkitapp.watchkitextension
profile uuid=77AA6C80-BBF4-4674-928C-0D4B2375C31F name=NotificationService Distribution Profile expiry=2026-11-02T07:35:53Z matches_bundle=false app_ids=QUZEZSEARC.com.revolut.revolut.NotificationService
profile uuid=1323B553-1594-41AA-B762-EB1BBB70A896 name=com.revolut.revolut.WalletAuthExtension-distribution expiry=2026-11-02T07:35:53Z matches_bundle=false app_ids=QUZEZSEARC.com.revolut.revolut.WalletAuthExtension
profile uuid=BB0F1855-1C9A-436D-8CE7-4D4D48B15FE4 name=RevolutDistributionProfileWatchkitapp expiry=2026-11-02T07:35:53Z matches_bundle=false app_ids=QUZEZSEARC.com.revolut.revolut.watchkitapp
profile uuid=577BEAB1-68EB-4B22-A7DF-D8148C1A6627 name=match AppStore io.b2a.BankProd.WalletExtension expiry=2026-11-02T07:00:02Z matches_bundle=false app_ids=6944V8G4S2.io.b2a.BankProd.WalletExtension
profile uuid=48F70EED-FEA1-486A-9B02-7E390FA94FD4 name=match AppStore io.b2a.BankProd.WalletUIExtension expiry=2026-11-02T07:00:02Z matches_bundle=false app_ids=6944V8G4S2.io.b2a.BankProd.WalletUIExtension
profile uuid=1F6D14F9-87F8-4DA1-BC7C-C18874218D93 name=match AppStore io.b2a.BankProd.TimelineLiveActivityExtension expiry=2026-11-02T07:00:02Z matches_bundle=false app_ids=6944V8G4S2.io.b2a.BankProd.TimelineLiveActivityExtension
profile uuid=4CDCBC02-5D25-48CE-BF8B-EB713BD43F67 name=match AppStore io.b2a.BankProd.MonzoAppClip expiry=2026-11-02T07:00:02Z matches_bundle=false app_ids=6944V8G4S2.io.b2a.BankProd.MonzoAppClip
profile uuid=CC5C987B-AF2A-4996-9B79-F77423BA2CE2 name=match AppStore io.b2a.BankProd expiry=2026-11-02T07:00:02Z matches_bundle=false app_ids=6944V8G4S2.io.b2a.BankProd
profile uuid=172B8D2F-A716-4A48-9770-D84E9C4690CC name=match AppStore so.notion.NotionAI.Prod expiry=2026-11-02T04:44:08Z matches_bundle=false app_ids=LBQJ96FQ8D.so.notion.NotionAI.Prod
profile uuid=510921D3-DA5F-4BEC-969A-0F34957BF137 name=match AppStore so.notion.NotionAI.Prod.Widgets expiry=2026-11-02T04:44:08Z matches_bundle=false app_ids=LBQJ96FQ8D.so.notion.NotionAI.Prod.Widgets
profile uuid=4EE3E43D-0991-4CA9-AF07-DB53497AC3FE name=Musically_Dis_IntentExtension expiry=2026-11-02T10:48:12Z matches_bundle=false app_ids=MJ797D8U6F.com.zhiliaoapp.musically.IntentExtension
profile uuid=892989AA-F32E-45AF-9845-5A5EDD1D2639 name=Musically_Dis_IMESSAGE expiry=2026-11-02T10:48:12Z matches_bundle=false app_ids=MJ797D8U6F.com.zhiliaoapp.musically.imessage
profile uuid=BE671CCB-6EF6-42EA-AA3D-3B7F59993A86 name=Musically_BYTEMOD_VIDEO_BROADCAST_EXTENSION expiry=2026-11-02T10:48:12Z matches_bundle=false app_ids=MJ797D8U6F.com.zhiliaoapp.musically.VideoBroadcastExtension1
profile uuid=4BCDE111-B92F-4818-82B5-A0F6269D4260 name=Musically_Dis_WalletShareExtension expiry=2026-11-02T10:48:12Z matches_bundle=false app_ids=MJ797D8U6F.com.zhiliaoapp.musically.WalletShareExtension
profile uuid=6EEDB528-19BF-45A5-9A4A-AF9190066554 name=Musically_Dis_WIDGET_EXTENSION expiry=2026-11-02T10:48:12Z matches_bundle=false app_ids=MJ797D8U6F.com.zhiliaoapp.musically.TTWidgetExtension
profile uuid=A930C614-1183-416C-A8F0-064B75738C10 name=Musically_Dis_WalletAuthExtension expiry=2026-11-02T10:48:12Z matches_bundle=false app_ids=MJ797D8U6F.com.zhiliaoapp.musically.WalletAuthExtension
profile uuid=2946B644-F959-4147-A342-E08AEBD2DE29 name=Musically_Dis_TODAY_WIDGET expiry=2026-11-02T10:48:12Z matches_bundle=false app_ids=MJ797D8U6F.com.zhiliaoapp.musically.TodayWidget
profile uuid=855EF4C5-278C-4D0B-9F8B-F824DB52A8B8 name=prod-server-appstore expiry=2026-11-02T10:48:12Z matches_bundle=false app_ids=MJ797D8U6F.com.zhiliaoapp.musically
profile uuid=D3BE9DA6-F3BA-4833-B1F1-DE788D263F28 name=Musically_Dis_PUSH_NOTIFICATION_ATTACHMENT expiry=2026-11-02T10:48:12Z matches_bundle=false app_ids=MJ797D8U6F.com.zhiliaoapp.musically.PushNotificationAttachment
profile uuid=12060A02-B0E4-4D20-95E2-B44B163DE40B name=musically share ext prod expiry=2026-11-02T10:48:12Z matches_bundle=false app_ids=MJ797D8U6F.com.zhiliaoapp.musically.ShareExtension
profile uuid=5D4C3C54-3704-493A-9A21-55D3DEA20B6A name=com_spotify_client_appstore expiry=2026-11-02T14:06:06Z matches_bundle=false app_ids=8W66MEA7DD.com.spotify.client
profile uuid=18E148A0-4381-46E5-9880-C493EE52C1BB name=com_spotify_client_watchkitapp_widget_appstore expiry=2026-11-02T14:06:06Z matches_bundle=false app_ids=2FNC3A47ZF.com.spotify.client.watchkitapp.widget
profile uuid=DC7118E9-F507-4E34-BFF4-5DF396BA086D name=com_spotify_client_watchkitapp_appstore expiry=2026-11-02T14:06:06Z matches_bundle=false app_ids=2FNC3A47ZF.com.spotify.client.watchkitapp
profile uuid=764C3F8D-50C7-4E83-908C-51E246765D83 name=com_spotify_client_watchkitapp_intents_appstore expiry=2026-11-02T14:06:06Z matches_bundle=false app_ids=2FNC3A47ZF.com.spotify.client.watchkitapp.intents
profile uuid=84147965-D5DD-464F-9E25-6025D9D21858 name=com_spotify_client_notification_appstore expiry=2026-11-02T14:06:06Z matches_bundle=false app_ids=8W66MEA7DD.com.spotify.client.notification
profile uuid=A64E08B8-F6D5-470A-AF26-F5568983468B name=com_spotify_client_widgetnowplaying_appstore expiry=2026-11-02T14:06:06Z matches_bundle=false app_ids=2FNC3A47ZF.com.spotify.client.widgetnowplaying
profile uuid=AF05992A-F7AC-48F5-80B8-668807F294C8 name=com_spotify_client_notificationcontent_appstore expiry=2026-11-02T14:06:06Z matches_bundle=false app_ids=2FNC3A47ZF.com.spotify.client.notificationcontent
profile uuid=0133354A-84EE-4B49-B3AC-63EB137E2E12 name=com_spotify_client_intents_appstore expiry=2026-11-02T14:06:06Z matches_bundle=false app_ids=8W66MEA7DD.com.spotify.client.intents
profile uuid=3B00C497-5814-400E-B809-24EBB5A215B0 name=Musically_Dis_IntentExtension expiry=2026-11-02T19:04:07Z matches_bundle=false app_ids=MJ797D8U6F.com.zhiliaoapp.musically.IntentExtension
profile uuid=1810BCB1-DBFE-49E4-8DFC-F7604728DB58 name=Musically_Dis_IMESSAGE expiry=2026-11-02T19:04:07Z matches_bundle=false app_ids=MJ797D8U6F.com.zhiliaoapp.musically.imessage
profile uuid=33127E87-8793-4FF0-AB08-4A0A44AF0B44 name=Musically_BYTEMOD_VIDEO_BROADCAST_EXTENSION expiry=2026-11-02T19:04:07Z matches_bundle=false app_ids=MJ797D8U6F.com.zhiliaoapp.musically.VideoBroadcastExtension1
profile uuid=0764422C-2D1D-40A1-9B59-83D5DA612838 name=Musically_Dis_WalletShareExtension expiry=2026-11-02T19:04:07Z matches_bundle=false app_ids=MJ797D8U6F.com.zhiliaoapp.musically.WalletShareExtension
profile uuid=3DD5C434-52C9-4B9D-BC06-E26FB0E6ECC2 name=Musically_Dis_WIDGET_EXTENSION expiry=2026-11-02T19:04:07Z matches_bundle=false app_ids=MJ797D8U6F.com.zhiliaoapp.musically.TTWidgetExtension
profile uuid=5926E294-15C3-49F8-B18D-F380515B594B name=Musically_Dis_WalletAuthExtension expiry=2026-11-02T19:04:07Z matches_bundle=false app_ids=MJ797D8U6F.com.zhiliaoapp.musically.WalletAuthExtension
profile uuid=7205E4A2-46D3-4487-929B-CF77D61A98F7 name=Musically_Dis_TODAY_WIDGET expiry=2026-11-02T19:04:07Z matches_bundle=false app_ids=MJ797D8U6F.com.zhiliaoapp.musically.TodayWidget
profile uuid=11957DA7-6816-45CD-99CE-67FDA2E0448C name=prod-server-appstore expiry=2026-11-02T19:04:07Z matches_bundle=false app_ids=MJ797D8U6F.com.zhiliaoapp.musically
profile uuid=C49515EE-1CCA-4232-9F7D-7C88F149ABAC name=Musically_Dis_PUSH_NOTIFICATION_ATTACHMENT expiry=2026-11-02T19:04:07Z matches_bundle=false app_ids=MJ797D8U6F.com.zhiliaoapp.musically.PushNotificationAttachment
profile uuid=0C5E2F1B-41C8-4459-98C0-BF8F4593577C name=musically share ext prod expiry=2026-11-02T19:04:07Z matches_bundle=false app_ids=MJ797D8U6F.com.zhiliaoapp.musically.ShareExtension
profile uuid=D785AE51-C982-46ED-A607-0777EE3793D4 name=Musically_Dis_IntentExtension expiry=2026-11-03T05:40:49Z matches_bundle=false app_ids=MJ797D8U6F.com.zhiliaoapp.musically.IntentExtension
profile uuid=9D069795-9241-4E41-ACB6-D8F1CC15FBD6 name=Musically_Dis_IMESSAGE expiry=2026-11-03T05:40:49Z matches_bundle=false app_ids=MJ797D8U6F.com.zhiliaoapp.musically.imessage
profile uuid=FE79DB34-9338-4EAA-83EC-4E073C52706C name=Musically_BYTEMOD_VIDEO_BROADCAST_EXTENSION expiry=2026-11-03T05:40:49Z matches_bundle=false app_ids=MJ797D8U6F.com.zhiliaoapp.musically.VideoBroadcastExtension1
profile uuid=1F7AC919-17BE-415D-AB89-56B79A903EA5 name=Musically_Dis_WalletShareExtension expiry=2026-11-03T05:40:49Z matches_bundle=false app_ids=MJ797D8U6F.com.zhiliaoapp.musically.WalletShareExtension
profile uuid=3A02ED61-171D-4E6F-825D-38E718DAD47A name=Musically_Dis_WIDGET_EXTENSION expiry=2026-11-03T05:40:49Z matches_bundle=false app_ids=MJ797D8U6F.com.zhiliaoapp.musically.TTWidgetExtension
profile uuid=C3949F7F-99B8-41CB-A867-6BDEED74B6E6 name=Musically_Dis_WalletAuthExtension expiry=2026-11-03T05:40:49Z matches_bundle=false app_ids=MJ797D8U6F.com.zhiliaoapp.musically.WalletAuthExtension
profile uuid=523636E6-55A8-4504-A0BE-43C7FB00B944 name=Musically_Dis_TODAY_WIDGET expiry=2026-11-03T05:40:49Z matches_bundle=false app_ids=MJ797D8U6F.com.zhiliaoapp.musically.TodayWidget
profile uuid=1528F1B0-43F9-422F-A2FB-D3AE20E4FA2F name=prod-server-appstore expiry=2026-11-03T05:40:49Z matches_bundle=false app_ids=MJ797D8U6F.com.zhiliaoapp.musically
profile uuid=F7574C6A-08BB-4596-BC63-22116998A176 name=Musically_Dis_PUSH_NOTIFICATION_ATTACHMENT expiry=2026-11-03T05:40:49Z matches_bundle=false app_ids=MJ797D8U6F.com.zhiliaoapp.musically.PushNotificationAttachment
profile uuid=FE74C313-462B-46B5-AA4E-B6066BA22EC3 name=musically share ext prod expiry=2026-11-03T05:40:49Z matches_bundle=false app_ids=MJ797D8U6F.com.zhiliaoapp.musically.ShareExtension
profile uuid=9426B0C7-CDE1-43B0-A7B5-FE7EE513BEDF name=match AppStore so.notion.NotionAI.Prod expiry=2026-11-03T04:39:59Z matches_bundle=false app_ids=LBQJ96FQ8D.so.notion.NotionAI.Prod
profile uuid=582C7D6C-FD65-43FF-9A1D-86CAB4FA8B24 name=match AppStore so.notion.NotionAI.Prod.Widgets expiry=2026-11-03T04:39:59Z matches_bundle=false app_ids=LBQJ96FQ8D.so.notion.NotionAI.Prod.Widgets
profile uuid=74c2c137-42a2-4c27-8083-c9150f4d051c name=iOS Team Provisioning Profile: com.SideStore.SideStore.V86ML8B8GQ.AltWidget expiry=2026-08-12T22:19:47Z matches_bundle=false app_ids=V86ML8B8GQ.com.SideStore.SideStore.V86ML8B8GQ.AltWidget
profile uuid=93d6985a-5420-4f68-be46-1b7c62a23632 name=iOS Team Provisioning Profile: com.SideStore.SideStore.V86ML8B8GQ.AltWidget expiry=2026-08-12T22:38:00Z matches_bundle=false app_ids=V86ML8B8GQ.com.SideStore.SideStore.V86ML8B8GQ.AltWidget
profile uuid=33184dcd-5600-4c90-a5a6-595e9c618fc2 name=iOS Team Provisioning Profile: com.SideStore.SideStore.V86ML8B8GQ.AltWidget expiry=2026-08-12T22:58:10Z matches_bundle=false app_ids=V86ML8B8GQ.com.SideStore.SideStore.V86ML8B8GQ.AltWidget
profile uuid=2196DAD0-E346-4247-B09C-D55F22A650C0 name=Musically_Dis_IntentExtension expiry=2026-11-03T20:05:12Z matches_bundle=false app_ids=MJ797D8U6F.com.zhiliaoapp.musically.IntentExtension
profile uuid=2E270D37-ABD7-4387-8D6C-D920E52451BA name=Musically_Dis_IMESSAGE expiry=2026-11-03T20:05:12Z matches_bundle=false app_ids=MJ797D8U6F.com.zhiliaoapp.musically.imessage
profile uuid=D80D729C-BBD5-465F-91D3-5FB7BF301CE8 name=Musically_BYTEMOD_VIDEO_BROADCAST_EXTENSION expiry=2026-11-03T20:05:12Z matches_bundle=false app_ids=MJ797D8U6F.com.zhiliaoapp.musically.VideoBroadcastExtension1
profile uuid=2A451301-1946-4D67-8185-07F7E645C46A name=Musically_Dis_WalletShareExtension expiry=2026-11-03T20:05:12Z matches_bundle=false app_ids=MJ797D8U6F.com.zhiliaoapp.musically.WalletShareExtension
profile uuid=00A460BE-1943-4AC8-985A-CD8817050392 name=Musically_Dis_WIDGET_EXTENSION expiry=2026-11-03T20:05:12Z matches_bundle=false app_ids=MJ797D8U6F.com.zhiliaoapp.musically.TTWidgetExtension
profile uuid=50DE97B0-C646-4086-9FC3-E278C4BD23C0 name=Musically_Dis_WalletAuthExtension expiry=2026-11-03T20:05:12Z matches_bundle=false app_ids=MJ797D8U6F.com.zhiliaoapp.musically.WalletAuthExtension
profile uuid=501EC3F8-4BA9-44B0-8966-C0C6D73F07F4 name=Musically_Dis_TODAY_WIDGET expiry=2026-11-03T20:05:12Z matches_bundle=false app_ids=MJ797D8U6F.com.zhiliaoapp.musically.TodayWidget
profile uuid=7B6770B0-DE4E-4553-AD61-8AAA02E50A70 name=prod-server-appstore expiry=2026-11-03T20:05:12Z matches_bundle=false app_ids=MJ797D8U6F.com.zhiliaoapp.musically
profile uuid=CEE49A50-0840-4140-94D5-FCFC7D658C8C name=Musically_Dis_PUSH_NOTIFICATION_ATTACHMENT expiry=2026-11-03T20:05:12Z matches_bundle=false app_ids=MJ797D8U6F.com.zhiliaoapp.musically.PushNotificationAttachment
profile uuid=AB74051A-5B3F-4FCF-97C7-72DE9BBE4627 name=musically share ext prod expiry=2026-11-03T20:05:12Z matches_bundle=false app_ids=MJ797D8U6F.com.zhiliaoapp.musically.ShareExtension
profile uuid=547A51DB-F085-423B-835A-47F3D9E11AE3 name=com.revolut.revolut.IntentsExtension-distribution expiry=2026-11-03T01:28:49Z matches_bundle=false app_ids=QUZEZSEARC.com.revolut.revolut.IntentsExtension
profile uuid=80DAF0FD-F24B-4477-AAC2-A605D8D7CD79 name=Revolut ShortcutsWidget Distribution Profile expiry=2026-11-03T01:28:49Z matches_bundle=false app_ids=QUZEZSEARC.com.revolut.revolut.ShortcutsWidget
profile uuid=0F1EAC47-D181-4874-BD4F-FBDC0B0EB79D name=RevolutApplePayDistributionProfile expiry=2026-11-03T01:28:49Z matches_bundle=false app_ids=QUZEZSEARC.com.revolut.revolut
profile uuid=C07C97A9-80AB-4192-81B7-671877710E89 name=com.revolut.revolut.WalletExtension-distribution expiry=2026-11-03T01:28:49Z matches_bundle=false app_ids=QUZEZSEARC.com.revolut.revolut.WalletExtension
profile uuid=4C2F58EF-9D33-483E-B7BC-5A669CE82C18 name=com.revolut.revolut.Clip AppStore expiry=2026-11-03T01:28:49Z matches_bundle=false app_ids=QUZEZSEARC.com.revolut.revolut.Clip
profile uuid=7A20F187-5825-48D3-BFFC-9DFCC6370BDF name=RevolutDistributionProfileWatchkitextension expiry=2026-11-03T01:28:49Z matches_bundle=false app_ids=QUZEZSEARC.com.revolut.revolut.watchkitapp.watchkitextension
profile uuid=5E90DC00-37C5-4195-9C35-16DF51EFA624 name=NotificationService Distribution Profile expiry=2026-11-03T01:28:49Z matches_bundle=false app_ids=QUZEZSEARC.com.revolut.revolut.NotificationService
profile uuid=D2B2EAE2-CCD2-44B0-B987-37575F3F6586 name=com.revolut.revolut.WalletAuthExtension-distribution expiry=2026-11-03T01:28:49Z matches_bundle=false app_ids=QUZEZSEARC.com.revolut.revolut.WalletAuthExtension
profile uuid=51893695-0F29-4574-AE21-2FDA9A0FF5DC name=RevolutDistributionProfileWatchkitapp expiry=2026-11-03T01:28:49Z matches_bundle=false app_ids=QUZEZSEARC.com.revolut.revolut.watchkitapp
profile uuid=DB925E05-C417-415C-ACAD-6D2AA076D1EC name=com.revolut.revolut.IntentsExtension-distribution expiry=2026-11-03T01:28:49Z matches_bundle=false app_ids=QUZEZSEARC.com.revolut.revolut.IntentsExtension
profile uuid=FD10987F-F940-4275-9CC7-CE8814DEE855 name=Revolut ShortcutsWidget Distribution Profile expiry=2026-11-03T01:28:49Z matches_bundle=false app_ids=QUZEZSEARC.com.revolut.revolut.ShortcutsWidget
profile uuid=9706CA56-902F-4B69-8D35-AEF98DC64D3B name=RevolutApplePayDistributionProfile expiry=2026-11-03T01:28:49Z matches_bundle=false app_ids=QUZEZSEARC.com.revolut.revolut
profile uuid=6D4CCBE1-9BB2-43FA-8B45-9AA972A009D6 name=com.revolut.revolut.WalletExtension-distribution expiry=2026-11-03T01:28:49Z matches_bundle=false app_ids=QUZEZSEARC.com.revolut.revolut.WalletExtension
profile uuid=234C3353-8FB6-4467-B734-C515E9D8EF7B name=com.revolut.revolut.Clip AppStore expiry=2026-11-03T01:28:49Z matches_bundle=false app_ids=QUZEZSEARC.com.revolut.revolut.Clip
profile uuid=A25050C0-AE6E-4E1B-B531-4E5E168B23F0 name=RevolutDistributionProfileWatchkitextension expiry=2026-11-03T01:28:49Z matches_bundle=false app_ids=QUZEZSEARC.com.revolut.revolut.watchkitapp.watchkitextension
profile uuid=4F974CB4-7C99-414C-88CF-C2782BB6ACCB name=NotificationService Distribution Profile expiry=2026-11-03T01:28:49Z matches_bundle=false app_ids=QUZEZSEARC.com.revolut.revolut.NotificationService
profile uuid=23D05143-BE0D-4374-AE9C-46B55E105CFE name=com.revolut.revolut.WalletAuthExtension-distribution expiry=2026-11-03T01:28:49Z matches_bundle=false app_ids=QUZEZSEARC.com.revolut.revolut.WalletAuthExtension
profile uuid=6CF24F74-1C95-4A29-8494-4F259CFC45A4 name=RevolutDistributionProfileWatchkitapp expiry=2026-11-03T01:28:49Z matches_bundle=false app_ids=QUZEZSEARC.com.revolut.revolut.watchkitapp
profile uuid=9EA7C909-98D6-4ECF-BA23-B057D101012C name=Musically_Dis_IntentExtension expiry=2026-11-04T10:20:18Z matches_bundle=false app_ids=MJ797D8U6F.com.zhiliaoapp.musically.IntentExtension
profile uuid=0C15F93B-6EF6-4373-B9F4-5841E6F6F942 name=Musically_Dis_IMESSAGE expiry=2026-11-04T10:20:18Z matches_bundle=false app_ids=MJ797D8U6F.com.zhiliaoapp.musically.imessage
profile uuid=6F33B105-6703-4E51-BE14-E0E9C84E6E21 name=Musically_BYTEMOD_VIDEO_BROADCAST_EXTENSION expiry=2026-11-04T10:20:18Z matches_bundle=false app_ids=MJ797D8U6F.com.zhiliaoapp.musically.VideoBroadcastExtension1
profile uuid=6C3A5C98-5999-4E8F-A581-F0614ACEAEDD name=Musically_Dis_WalletShareExtension expiry=2026-11-04T10:20:18Z matches_bundle=false app_ids=MJ797D8U6F.com.zhiliaoapp.musically.WalletShareExtension
profile uuid=7F22666C-F38B-44C9-8A19-97169C59E96B name=Musically_Dis_WIDGET_EXTENSION expiry=2026-11-04T10:20:18Z matches_bundle=false app_ids=MJ797D8U6F.com.zhiliaoapp.musically.TTWidgetExtension
profile uuid=F0631EEC-B3D0-4FF0-865B-4D96632CB259 name=Musically_Dis_WalletAuthExtension expiry=2026-11-04T10:20:18Z matches_bundle=false app_ids=MJ797D8U6F.com.zhiliaoapp.musically.WalletAuthExtension
profile uuid=A8AC52D4-7883-4134-9A07-ECB4605F8E86 name=Musically_Dis_TODAY_WIDGET expiry=2026-11-04T10:20:18Z matches_bundle=false app_ids=MJ797D8U6F.com.zhiliaoapp.musically.TodayWidget
profile uuid=28CD5D21-AA8F-4640-92FB-22B58B6A476E name=prod-server-appstore expiry=2026-11-04T10:20:18Z matches_bundle=false app_ids=MJ797D8U6F.com.zhiliaoapp.musically
profile uuid=110AB990-EFAC-4ABA-A9AF-B674F32E2335 name=Musically_Dis_PUSH_NOTIFICATION_ATTACHMENT expiry=2026-11-04T10:20:18Z matches_bundle=false app_ids=MJ797D8U6F.com.zhiliaoapp.musically.PushNotificationAttachment
profile uuid=C9F38021-AD7A-4471-9ECE-4A4443C5D9A4 name=musically share ext prod expiry=2026-11-04T10:20:18Z matches_bundle=false app_ids=MJ797D8U6F.com.zhiliaoapp.musically.ShareExtension
profile uuid=58A07CE2-1BAE-448A-A8C1-238FB934BC19 name=iOS Team Store Provisioning Profile: io.tailscale.ipn.ios.file-provider expiry=2026-11-02T19:08:45Z matches_bundle=false app_ids=W5364U7YZB.io.tailscale.ipn.ios.file-provider
profile uuid=A09FFB88-EBFD-4424-9BD8-0DFE49071261 name=iOS Team Store Provisioning Profile: io.tailscale.ipn.ios.share-extension expiry=2026-11-02T19:08:45Z matches_bundle=false app_ids=W5364U7YZB.io.tailscale.ipn.ios.share-extension
profile uuid=A52384CF-D1B0-45C7-A03A-DAF76A383064 name=iOS Team Store Provisioning Profile: io.tailscale.ipn.ios expiry=2026-11-02T19:08:45Z matches_bundle=false app_ids=W5364U7YZB.io.tailscale.ipn.ios
profile uuid=5A7CE68A-57F8-413C-AC56-23576E7786D5 name=iOS Team Store Provisioning Profile: io.tailscale.ipn.ios.file-provider-ui expiry=2026-11-02T19:08:45Z matches_bundle=false app_ids=W5364U7YZB.io.tailscale.ipn.ios.file-provider-ui
profile uuid=4EE396EB-72E1-4B8B-9AEA-A2E8EE2D7CFF name=iOS Team Store Provisioning Profile: io.tailscale.ipn.ios.network-extension expiry=2026-11-02T19:08:45Z matches_bundle=false app_ids=W5364U7YZB.io.tailscale.ipn.ios.network-extension
profile uuid=931B3C0E-2E16-44DF-A91B-CA2F0A9B5EAB name=iOS Team Store Provisioning Profile: io.tailscale.ipn.ios.widgets expiry=2026-11-02T19:08:45Z matches_bundle=false app_ids=W5364U7YZB.io.tailscale.ipn.ios.widgets
profile uuid=942bae87-b125-4168-a1a1-f3684e74e120 name=iOS Team Provisioning Profile: com.SideStore.SideStore.A7VT6RU6XK expiry=2026-08-14T08:31:15Z matches_bundle=false app_ids=A7VT6RU6XK.com.SideStore.SideStore.A7VT6RU6XK
profile uuid=3ce3caff-672a-438b-9c4b-d4e436d7f219 name=iOS Team Provisioning Profile: com.SideStore.SideStore.A7VT6RU6XK expiry=2026-08-14T09:49:55Z matches_bundle=false app_ids=A7VT6RU6XK.com.SideStore.SideStore.A7VT6RU6XK
profile uuid=23b3e415-b1ed-4420-be1f-d29fb2dbad2a name=iOS Team Provisioning Profile: com.SideStore.SideStore.A7VT6RU6XK expiry=2026-08-14T10:17:24Z matches_bundle=false app_ids=A7VT6RU6XK.com.SideStore.SideStore.A7VT6RU6XK
profile uuid=7efadfe2-5c36-4a9f-b86b-9799b8299726 name=iOS Team Provisioning Profile: com.SideStore.SideStore.A7VT6RU6XK expiry=2026-08-14T10:40:40Z matches_bundle=false app_ids=A7VT6RU6XK.com.SideStore.SideStore.A7VT6RU6XK
profile uuid=8f8ca693-4ee2-4f4a-9687-52ee9b5d7ad1 name=iOS Team Provisioning Profile: com.SideStore.SideStore.A7VT6RU6XK expiry=2026-08-14T11:13:31Z matches_bundle=false app_ids=A7VT6RU6XK.com.SideStore.SideStore.A7VT6RU6XK
profile uuid=8bdbe42c-e910-4015-9ccb-3842a4c68153 name=iOS Team Provisioning Profile: com.SideStore.SideStore.A7VT6RU6XK expiry=2026-08-14T11:30:25Z matches_bundle=false app_ids=A7VT6RU6XK.com.SideStore.SideStore.A7VT6RU6XK
profile uuid=90A097BA-D66C-491F-B387-55A8E16696E6 name=iOS Team Store Provisioning Profile: com.lpierpoint.strand expiry=2026-11-05T06:45:39Z matches_bundle=false app_ids=8JR4R8VQ57.com.lpierpoint.strand
profile uuid=EC0689E0-2846-48F2-80D8-87847922D5D7 name=com.revolut.revolut.IntentsExtension-distribution expiry=2026-11-04T01:39:25Z matches_bundle=false app_ids=QUZEZSEARC.com.revolut.revolut.IntentsExtension
profile uuid=F14B93D9-2DDE-4C71-BC2E-BE7598330B3E name=Revolut ShortcutsWidget Distribution Profile expiry=2026-11-04T01:39:25Z matches_bundle=false app_ids=QUZEZSEARC.com.revolut.revolut.ShortcutsWidget
profile uuid=26D57876-9669-4C1E-83EA-7221BCA91C79 name=RevolutApplePayDistributionProfile expiry=2026-11-04T01:39:25Z matches_bundle=false app_ids=QUZEZSEARC.com.revolut.revolut
profile uuid=ECE1FDD9-F4EA-4202-BFDD-2658FF71E820 name=com.revolut.revolut.WalletExtension-distribution expiry=2026-11-04T01:39:25Z matches_bundle=false app_ids=QUZEZSEARC.com.revolut.revolut.WalletExtension
profile uuid=D2DC8AD6-4FBA-41AD-BDB8-F3CF8D0A73C1 name=com.revolut.revolut.Clip AppStore expiry=2026-11-04T01:39:25Z matches_bundle=false app_ids=QUZEZSEARC.com.revolut.revolut.Clip
profile uuid=F25DF485-9BB8-4C11-8EA7-9B28CF8D23CE name=RevolutDistributionProfileWatchkitextension expiry=2026-11-04T01:39:25Z matches_bundle=false app_ids=QUZEZSEARC.com.revolut.revolut.watchkitapp.watchkitextension
profile uuid=19FCFAB1-1206-473C-9C7A-EFCCA4C028A5 name=NotificationService Distribution Profile expiry=2026-11-04T01:39:25Z matches_bundle=false app_ids=QUZEZSEARC.com.revolut.revolut.NotificationService
profile uuid=9A3FBD7F-15D1-4801-A13A-DE24541EC150 name=com.revolut.revolut.WalletAuthExtension-distribution expiry=2026-11-04T01:39:25Z matches_bundle=false app_ids=QUZEZSEARC.com.revolut.revolut.WalletAuthExtension
profile uuid=E17ECB6C-7FAD-48EB-B87B-365998F0B153 name=RevolutDistributionProfileWatchkitapp expiry=2026-11-04T01:39:25Z matches_bundle=false app_ids=QUZEZSEARC.com.revolut.revolut.watchkitapp
profile uuid=2e4e68c3-a3f6-4c05-b40e-915d4aa19fc4 name=iOS Team Provisioning Profile: org.sidey.phasetest.A7VT6RU6XK expiry=2026-08-14T20:27:32Z matches_bundle=true app_ids=A7VT6RU6XK.org.sidey.phasetest.A7VT6RU6XK
profile uuid=b63b473c-4646-40cd-9c33-c3a19f83f074 name=iOS Team Provisioning Profile: org.sidey.phasetest.A7VT6RU6XK expiry=2026-08-14T20:28:47Z matches_bundle=true app_ids=A7VT6RU6XK.org.sidey.phasetest.A7VT6RU6XK
profile uuid=642579c8-9911-4f91-8b16-0c30b9c79ba5 name=iOS Team Provisioning Profile: org.sidey.phasetest.A7VT6RU6XK expiry=2026-08-14T20:28:58Z matches_bundle=true app_ids=A7VT6RU6XK.org.sidey.phasetest.A7VT6RU6XK
profile uuid=b839c952-9d59-4e53-b92f-8b7bc2ff3bb2 name=iOS Team Provisioning Profile: org.sidey.phasetest.A7VT6RU6XK expiry=2026-08-14T20:32:09Z matches_bundle=true app_ids=A7VT6RU6XK.org.sidey.phasetest.A7VT6RU6XK
profile uuid=a6eeba32-8180-4974-87f1-7b45ed949dbf name=iOS Team Provisioning Profile: org.sidey.phasetest.A7VT6RU6XK expiry=2026-08-14T20:32:17Z matches_bundle=true app_ids=A7VT6RU6XK.org.sidey.phasetest.A7VT6RU6XK
profile uuid=fe990576-4fcf-4953-bf7b-d7c8416db26f name=iOS Team Provisioning Profile: org.sidey.phasetest.A7VT6RU6XK expiry=2026-08-14T20:33:42Z matches_bundle=true app_ids=A7VT6RU6XK.org.sidey.phasetest.A7VT6RU6XK
profile uuid=8358dcd1-c3a3-47c7-8a83-272540d0a6e5 name=iOS Team Provisioning Profile: org.sidey.phasetest.A7VT6RU6XK expiry=2026-08-14T20:37:56Z matches_bundle=true app_ids=A7VT6RU6XK.org.sidey.phasetest.A7VT6RU6XK
