2026-08-07T20:41:54Z	phase	B
2026-08-07T20:41:54Z	mode	rsd
2026-08-07T20:41:54Z	device.udid	00008120-001E11211184C01E
2026-08-07T20:41:54Z	ipa	/tmp/opencode/sidetest.ipa
2026-08-07T20:41:55Z	bundle_id	org.sidey.phasetest
2026-08-07T20:41:55Z	usbmuxd.cloud_check	0
2026-08-07T20:41:55Z	list.skipped.rsd	rsd
2026-08-07T20:41:55Z	validate.skipped.rsd	rsd
2026-08-07T20:41:55Z	sign.v1.start	2026-08-07T20:41:55Z
2026-08-07T20:41:58Z	sign.v1.exit	0
2026-08-07T20:41:58Z	sign.v1.profile_expiry	2026-08-14T20:41:57Z
2026-08-07T20:41:58Z	sign.v1.cert_serial	32BA6B7154E31C45F1963D07A54B19EB
2026-08-07T20:41:58Z	sign.v1.team_id	A7VT6RU6XK
2026-08-07T20:41:58Z	bundle_id.signed	org.sidey.phasetest.A7VT6RU6XK
2026-08-07T20:42:07Z	rsd-install.exit	0
2026-08-07T20:42:07Z	rsd-install.profile_expiry	2026-08-14T20:42:01Z
2026-08-07T20:42:07Z	rsd-install.team_id	A7VT6RU6XK
2026-08-07T20:42:13Z	verify-v1:exit	0
2026-08-07T20:42:13Z	verify-v1.[2m2026-08-07T20:42:07.984974Z[0m [32m INFO[0m [2mtransport_spike[0m[2m:[0m device: udid	00008120-001E11211184C01E connection=Usb
2026-08-07T20:42:13Z	verify-v1.installed bundle_id	org.sidey.phasetest.A7VT6RU6XK version=1.0.0 build=1 path=/private/var/containers/Bundle/Application/6D874DB9-AEC7-4BDA-AF01-092EE1B44D48/PhaseTest.app min_os=15.0
2026-08-07T20:42:13Z	verify-v1.provisioning_profiles	101
2026-08-07T20:42:13Z	verify-v1.profile uuid	40B7D4B9-6FDB-444D-BDF1-A82AC820E7E4 name=iOS Team Store Provisioning Profile: com.vaulthuntersnm.HomeMapper expiry=2026-08-26T15:18:21Z matches_bundle=false app_ids=U325GS9AYG.com.vaulthuntersnm.HomeMapper
2026-08-07T20:42:13Z	verify-v1.profile uuid	BB403564-17B1-4C89-A289-81767D28C8E3 name=iOS Team Store Provisioning Profile: fm.earsay.asset-downloader expiry=2026-08-29T02:38:29Z matches_bundle=false app_ids=4GB7LATCNU.fm.earsay.asset-downloader
2026-08-07T20:42:13Z	verify-v1.profile uuid	55BD76E5-0C66-4F00-857B-3E243A518F6B name=iOS Team Store Provisioning Profile: fm.earsay expiry=2026-08-29T02:38:29Z matches_bundle=false app_ids=4GB7LATCNU.fm.earsay
2026-08-07T20:42:13Z	verify-v1.profile uuid	B1D33935-7CFA-4E45-A944-AE9B699161B2 name=iOS Team Store Provisioning Profile: fm.earsay.widgets expiry=2026-08-29T02:38:29Z matches_bundle=false app_ids=4GB7LATCNU.fm.earsay.widgets
2026-08-07T20:42:13Z	verify-v1.profile uuid	01867E8D-2259-4E4D-96A8-EF63C11725B2 name=iOS Team Store Provisioning Profile: fm.earsay.watch expiry=2026-08-29T02:38:29Z matches_bundle=false app_ids=4GB7LATCNU.fm.earsay.watch
2026-08-07T20:42:13Z	verify-v1.profile uuid	8D71AF3D-2671-4C90-B008-9E21462964CF name=match AppStore com.plexapp.plex.NotificationsService expiry=2026-09-13T16:42:01Z matches_bundle=false app_ids=K4QJ56KR4A.com.plexapp.plex.NotificationsService
2026-08-07T20:42:13Z	verify-v1.profile uuid	BB8C9F28-1E25-4B57-B8BC-8F7CD56E0421 name=match AppStore com.plexapp.plex expiry=2026-09-13T16:42:01Z matches_bundle=false app_ids=64UQD6MX6T.com.plexapp.plex
2026-08-07T20:42:13Z	verify-v1.profile uuid	38A4F1DB-3A1B-4403-AA4D-1AABEAFA915E name=match AppStore tv.plex.rn.app.NotificationsService expiry=2026-09-13T16:46:05Z matches_bundle=false app_ids=K4QJ56KR4A.tv.plex.rn.app.NotificationsService
2026-08-07T20:42:13Z	verify-v1.profile uuid	9AB904CC-75FC-4357-8465-34A7C8913A1C name=match AppStore tv.plex.rn.app expiry=2026-09-13T16:46:05Z matches_bundle=false app_ids=K4QJ56KR4A.tv.plex.rn.app
2026-08-07T20:42:13Z	verify-v1.profile uuid	7CDE0FDE-EFCC-41B8-A7A0-35B34DAA1318 name=iOS Team Store Provisioning Profile: com.mobilefootie.fotmobpro.serviceextension expiry=2026-10-08T12:03:49Z matches_bundle=false app_ids=MWA7HDX56V.com.mobilefootie.fotmobpro.serviceextension
2026-08-07T20:42:13Z	verify-v1.profile uuid	1F64504E-331C-44AC-B25F-522719533060 name=iOS Team Store Provisioning Profile: com.mobilefootie.fotmobpro.FavoriteTeamWidget expiry=2026-10-08T12:03:49Z matches_bundle=false app_ids=MWA7HDX56V.com.mobilefootie.fotmobpro.FavoriteTeamWidget
2026-08-07T20:42:13Z	verify-v1.profile uuid	F86FDD12-DC43-477E-BF80-782AF35D725F name=iOS Team Store Provisioning Profile: com.mobilefootie.fotmobpro.FavoriteTeamWidgetIntent expiry=2026-10-08T12:03:49Z matches_bundle=false app_ids=MWA7HDX56V.com.mobilefootie.fotmobpro.FavoriteTeamWidgetIntent
2026-08-07T20:42:13Z	verify-v1.profile uuid	CE5F79C8-8467-49B0-A6B8-1D84C70DBB5C name=iOS Team Store Provisioning Profile: com.mobilefootie.fotmobpro expiry=2026-10-08T12:03:49Z matches_bundle=false app_ids=MWA7HDX56V.com.mobilefootie.fotmobpro
2026-08-07T20:42:13Z	verify-v1.profile uuid	6035F3D9-8B4C-4E12-9405-F69B23B481CB name=iOS Team Store Provisioning Profile: com.mobilefootie.fotmobpro.TodayScores expiry=2026-10-08T12:03:49Z matches_bundle=false app_ids=MWA7HDX56V.com.mobilefootie.fotmobpro.TodayScores
2026-08-07T20:42:13Z	verify-v1.profile uuid	AE2BF0B5-8864-4B96-B134-46FEE3C2330D name=iOS Team Store Provisioning Profile: com.mobilefootie.fotmobpro.contentextension expiry=2026-10-08T12:03:49Z matches_bundle=false app_ids=MWA7HDX56V.com.mobilefootie.fotmobpro.contentextension
2026-08-07T20:42:13Z	verify-v1.profile uuid	F883C477-A682-4E20-94FF-BA0C3FBEBA10 name=iOS Team Store Provisioning Profile: com.mobilefootie.fotmobpro.watchkitapp.watchkitappWidgets expiry=2026-10-08T12:03:49Z matches_bundle=false app_ids=MWA7HDX56V.com.mobilefootie.fotmobpro.watchkitapp.watchkitappWidgets
2026-08-07T20:42:13Z	verify-v1.profile uuid	BC0F4AF9-ECDD-4626-97C6-809E64B38695 name=iOS Team Store Provisioning Profile: com.mobilefootie.fotmobpro.watchkitapp expiry=2026-10-08T12:03:49Z matches_bundle=false app_ids=MWA7HDX56V.com.mobilefootie.fotmobpro.watchkitapp
2026-08-07T20:42:13Z	verify-v1.profile uuid	C0A97B30-92CF-42EA-873D-2ABC44E2270A name=com_spotify_client_appstore expiry=2026-10-12T08:33:55Z matches_bundle=false app_ids=8W66MEA7DD.com.spotify.client
2026-08-07T20:42:13Z	verify-v1.profile uuid	35DA3986-CBE3-493B-9623-B87F1E72F12B name=RevolutApplePayDistributionProfile expiry=2026-10-14T00:58:16Z matches_bundle=false app_ids=QUZEZSEARC.com.revolut.revolut
2026-08-07T20:42:13Z	verify-v1.profile uuid	1A299277-E639-4DA0-BCF1-0D1D984D1581 name=iOS Team Store Provisioning Profile: com.lpierpoint.strand expiry=2026-10-15T07:41:16Z matches_bundle=false app_ids=8JR4R8VQ57.com.lpierpoint.strand
2026-08-07T20:42:13Z	verify-v1.profile uuid	58F5F460-B4F1-42ED-B034-97E128FF910F name=iOS Team Store Provisioning Profile: com.kylebashour.aqi-wtf.watchkitapp.PakuWatchWidget expiry=2026-10-17T22:54:18Z matches_bundle=false app_ids=ZEAD23GG77.com.kylebashour.aqi-wtf.watchkitapp.PakuWatchWidget
2026-08-07T20:42:13Z	verify-v1.profile uuid	07DD0F0D-A241-4BEB-874B-7201F1123840 name=iOS Team Store Provisioning Profile: com.kylebashour.aqi-wtf expiry=2026-10-17T22:54:18Z matches_bundle=false app_ids=ZEAD23GG77.com.kylebashour.aqi-wtf
2026-08-07T20:42:13Z	verify-v1.profile uuid	2522D926-8DF9-4794-9264-647CB4DD50E9 name=iOS Team Store Provisioning Profile: com.kylebashour.aqi-wtf.watchkitapp expiry=2026-10-17T22:54:18Z matches_bundle=false app_ids=ZEAD23GG77.com.kylebashour.aqi-wtf.watchkitapp
2026-08-07T20:42:13Z	verify-v1.profile uuid	40C8B3A4-E7D7-4149-962C-7B420A91EA1A name=iOS Team Store Provisioning Profile: com.kylebashour.aqi-wtf.NotificationService expiry=2026-10-17T22:54:18Z matches_bundle=false app_ids=ZEAD23GG77.com.kylebashour.aqi-wtf.NotificationService
2026-08-07T20:42:13Z	verify-v1.profile uuid	F97B8DE5-AAEE-4460-9607-CBB0FE8285D6 name=iOS Team Store Provisioning Profile: com.kylebashour.aqi-wtf.aqi-widget expiry=2026-10-17T22:54:18Z matches_bundle=false app_ids=ZEAD23GG77.com.kylebashour.aqi-wtf.aqi-widget
2026-08-07T20:42:13Z	verify-v1.profile uuid	3874D4FF-3034-47D6-8509-BC8858705CBD name=iOS Team Store Provisioning Profile: com.benjaminlevinson.media expiry=2026-10-20T13:35:41Z matches_bundle=false app_ids=M379WPVT8A.com.benjaminlevinson.media
2026-08-07T20:42:13Z	verify-v1.profile uuid	3BE3F6A5-E2A0-4B3E-84DB-43177EFD0571 name=iOS Team Store Provisioning Profile: com.kagi.kagiiOS.AutoFillProvider expiry=2026-10-28T10:27:23Z matches_bundle=false app_ids=TFVG979488.com.kagi.kagiiOS.AutoFillProvider
2026-08-07T20:42:13Z	verify-v1.profile uuid	20F5655B-07CB-414A-8C88-3D393FB2A323 name=iOS Team Store Provisioning Profile: com.kagi.kagiiOS expiry=2026-10-28T10:27:23Z matches_bundle=false app_ids=TFVG979488.com.kagi.kagiiOS
2026-08-07T20:42:13Z	verify-v1.profile uuid	2116197B-9BC3-43D6-895A-DAE8A26C3AC4 name=iOS Team Store Provisioning Profile: com.kagi.kagiiOS.ShareExtension expiry=2026-10-28T10:27:23Z matches_bundle=false app_ids=TFVG979488.com.kagi.kagiiOS.ShareExtension
2026-08-07T20:42:13Z	verify-v1.profile uuid	C9223463-E6F2-4A00-BC3E-22FBF735FCD9 name=iOS Team Store Provisioning Profile: com.kagi.kagiiOS.ActionExtension expiry=2026-10-28T10:27:23Z matches_bundle=false app_ids=TFVG979488.com.kagi.kagiiOS.ActionExtension
2026-08-07T20:42:13Z	verify-v1.profile uuid	E30F6E52-3845-4D7F-B310-34CC4C9EEB82 name=iOS Team Store Provisioning Profile: com.benjaminlevinson.media expiry=2026-10-27T01:04:27Z matches_bundle=false app_ids=M379WPVT8A.com.benjaminlevinson.media
2026-08-07T20:42:13Z	verify-v1.profile uuid	EBF4FC69-915B-4BC9-AD5D-E67EDEF23A17 name=iOS Team Store Provisioning Profile: com.benjaminlevinson.media.DownloadActivityWidget expiry=2026-10-27T01:04:27Z matches_bundle=false app_ids=M379WPVT8A.com.benjaminlevinson.media.DownloadActivityWidget
2026-08-07T20:42:13Z	verify-v1.profile uuid	E9198F57-7F1E-4D6D-84C7-2567A999E645 name=XC de jrpDevelopment homemanager ios_app_store 1781279583 expiry=2026-10-29T11:52:38Z matches_bundle=false app_ids=87C2986JW5.de.jrpDevelopment.homemanager
2026-08-07T20:42:13Z	verify-v1.profile uuid	348DD022-9F66-4340-A08B-91145C599341 name=iOS Team Store Provisioning Profile: co.helios-app expiry=2026-10-29T22:20:13Z matches_bundle=false app_ids=4Z688534J6.co.helios-app
2026-08-07T20:42:13Z	verify-v1.profile uuid	A0CA525B-F399-4E4A-82FD-484AF08652CF name=iOS Team Store Provisioning Profile: co.helios-app.watchkitapp expiry=2026-10-29T22:20:13Z matches_bundle=false app_ids=4Z688534J6.co.helios-app.watchkitapp
2026-08-07T20:42:13Z	verify-v1.profile uuid	8C27AD74-B9EC-445B-BF24-9B706903E4F8 name=iOS Team Store Provisioning Profile: co.helios-app.safari-extension expiry=2026-10-29T22:20:13Z matches_bundle=false app_ids=4Z688534J6.co.helios-app.safari-extension
2026-08-07T20:42:13Z	verify-v1.profile uuid	C49E9E3B-9639-4C56-8102-8B55F25AB725 name=iOS Team Store Provisioning Profile: co.helios-app.widget expiry=2026-10-29T22:20:13Z matches_bundle=false app_ids=4Z688534J6.co.helios-app.widget
2026-08-07T20:42:13Z	verify-v1.profile uuid	577BEAB1-68EB-4B22-A7DF-D8148C1A6627 name=match AppStore io.b2a.BankProd.WalletExtension expiry=2026-11-02T07:00:02Z matches_bundle=false app_ids=6944V8G4S2.io.b2a.BankProd.WalletExtension
2026-08-07T20:42:13Z	verify-v1.profile uuid	48F70EED-FEA1-486A-9B02-7E390FA94FD4 name=match AppStore io.b2a.BankProd.WalletUIExtension expiry=2026-11-02T07:00:02Z matches_bundle=false app_ids=6944V8G4S2.io.b2a.BankProd.WalletUIExtension
2026-08-07T20:42:13Z	verify-v1.profile uuid	1F6D14F9-87F8-4DA1-BC7C-C18874218D93 name=match AppStore io.b2a.BankProd.TimelineLiveActivityExtension expiry=2026-11-02T07:00:02Z matches_bundle=false app_ids=6944V8G4S2.io.b2a.BankProd.TimelineLiveActivityExtension
2026-08-07T20:42:13Z	verify-v1.profile uuid	4CDCBC02-5D25-48CE-BF8B-EB713BD43F67 name=match AppStore io.b2a.BankProd.MonzoAppClip expiry=2026-11-02T07:00:02Z matches_bundle=false app_ids=6944V8G4S2.io.b2a.BankProd.MonzoAppClip
2026-08-07T20:42:13Z	verify-v1.profile uuid	CC5C987B-AF2A-4996-9B79-F77423BA2CE2 name=match AppStore io.b2a.BankProd expiry=2026-11-02T07:00:02Z matches_bundle=false app_ids=6944V8G4S2.io.b2a.BankProd
2026-08-07T20:42:13Z	verify-v1.profile uuid	5D4C3C54-3704-493A-9A21-55D3DEA20B6A name=com_spotify_client_appstore expiry=2026-11-02T14:06:06Z matches_bundle=false app_ids=8W66MEA7DD.com.spotify.client
2026-08-07T20:42:13Z	verify-v1.profile uuid	18E148A0-4381-46E5-9880-C493EE52C1BB name=com_spotify_client_watchkitapp_widget_appstore expiry=2026-11-02T14:06:06Z matches_bundle=false app_ids=2FNC3A47ZF.com.spotify.client.watchkitapp.widget
2026-08-07T20:42:13Z	verify-v1.profile uuid	DC7118E9-F507-4E34-BFF4-5DF396BA086D name=com_spotify_client_watchkitapp_appstore expiry=2026-11-02T14:06:06Z matches_bundle=false app_ids=2FNC3A47ZF.com.spotify.client.watchkitapp
2026-08-07T20:42:13Z	verify-v1.profile uuid	764C3F8D-50C7-4E83-908C-51E246765D83 name=com_spotify_client_watchkitapp_intents_appstore expiry=2026-11-02T14:06:06Z matches_bundle=false app_ids=2FNC3A47ZF.com.spotify.client.watchkitapp.intents
2026-08-07T20:42:13Z	verify-v1.profile uuid	84147965-D5DD-464F-9E25-6025D9D21858 name=com_spotify_client_notification_appstore expiry=2026-11-02T14:06:06Z matches_bundle=false app_ids=8W66MEA7DD.com.spotify.client.notification
2026-08-07T20:42:13Z	verify-v1.profile uuid	A64E08B8-F6D5-470A-AF26-F5568983468B name=com_spotify_client_widgetnowplaying_appstore expiry=2026-11-02T14:06:06Z matches_bundle=false app_ids=2FNC3A47ZF.com.spotify.client.widgetnowplaying
2026-08-07T20:42:13Z	verify-v1.profile uuid	AF05992A-F7AC-48F5-80B8-668807F294C8 name=com_spotify_client_notificationcontent_appstore expiry=2026-11-02T14:06:06Z matches_bundle=false app_ids=2FNC3A47ZF.com.spotify.client.notificationcontent
2026-08-07T20:42:13Z	verify-v1.profile uuid	0133354A-84EE-4B49-B3AC-63EB137E2E12 name=com_spotify_client_intents_appstore expiry=2026-11-02T14:06:06Z matches_bundle=false app_ids=8W66MEA7DD.com.spotify.client.intents
2026-08-07T20:42:13Z	verify-v1.profile uuid	9426B0C7-CDE1-43B0-A7B5-FE7EE513BEDF name=match AppStore so.notion.NotionAI.Prod expiry=2026-11-03T04:39:59Z matches_bundle=false app_ids=LBQJ96FQ8D.so.notion.NotionAI.Prod
2026-08-07T20:42:13Z	verify-v1.profile uuid	582C7D6C-FD65-43FF-9A1D-86CAB4FA8B24 name=match AppStore so.notion.NotionAI.Prod.Widgets expiry=2026-11-03T04:39:59Z matches_bundle=false app_ids=LBQJ96FQ8D.so.notion.NotionAI.Prod.Widgets
2026-08-07T20:42:13Z	verify-v1.profile uuid	74c2c137-42a2-4c27-8083-c9150f4d051c name=iOS Team Provisioning Profile: com.SideStore.SideStore.V86ML8B8GQ.AltWidget expiry=2026-08-12T22:19:47Z matches_bundle=false app_ids=V86ML8B8GQ.com.SideStore.SideStore.V86ML8B8GQ.AltWidget
2026-08-07T20:42:13Z	verify-v1.profile uuid	93d6985a-5420-4f68-be46-1b7c62a23632 name=iOS Team Provisioning Profile: com.SideStore.SideStore.V86ML8B8GQ.AltWidget expiry=2026-08-12T22:38:00Z matches_bundle=false app_ids=V86ML8B8GQ.com.SideStore.SideStore.V86ML8B8GQ.AltWidget
2026-08-07T20:42:13Z	verify-v1.profile uuid	33184dcd-5600-4c90-a5a6-595e9c618fc2 name=iOS Team Provisioning Profile: com.SideStore.SideStore.V86ML8B8GQ.AltWidget expiry=2026-08-12T22:58:10Z matches_bundle=false app_ids=V86ML8B8GQ.com.SideStore.SideStore.V86ML8B8GQ.AltWidget
2026-08-07T20:42:13Z	verify-v1.profile uuid	234C3353-8FB6-4467-B734-C515E9D8EF7B name=com.revolut.revolut.Clip AppStore expiry=2026-11-03T01:28:49Z matches_bundle=false app_ids=QUZEZSEARC.com.revolut.revolut.Clip
2026-08-07T20:42:13Z	verify-v1.profile uuid	A25050C0-AE6E-4E1B-B531-4E5E168B23F0 name=RevolutDistributionProfileWatchkitextension expiry=2026-11-03T01:28:49Z matches_bundle=false app_ids=QUZEZSEARC.com.revolut.revolut.watchkitapp.watchkitextension
2026-08-07T20:42:13Z	verify-v1.profile uuid	4F974CB4-7C99-414C-88CF-C2782BB6ACCB name=NotificationService Distribution Profile expiry=2026-11-03T01:28:49Z matches_bundle=false app_ids=QUZEZSEARC.com.revolut.revolut.NotificationService
2026-08-07T20:42:13Z	verify-v1.profile uuid	23D05143-BE0D-4374-AE9C-46B55E105CFE name=com.revolut.revolut.WalletAuthExtension-distribution expiry=2026-11-03T01:28:49Z matches_bundle=false app_ids=QUZEZSEARC.com.revolut.revolut.WalletAuthExtension
2026-08-07T20:42:13Z	verify-v1.profile uuid	6CF24F74-1C95-4A29-8494-4F259CFC45A4 name=RevolutDistributionProfileWatchkitapp expiry=2026-11-03T01:28:49Z matches_bundle=false app_ids=QUZEZSEARC.com.revolut.revolut.watchkitapp
2026-08-07T20:42:13Z	verify-v1.profile uuid	9EA7C909-98D6-4ECF-BA23-B057D101012C name=Musically_Dis_IntentExtension expiry=2026-11-04T10:20:18Z matches_bundle=false app_ids=MJ797D8U6F.com.zhiliaoapp.musically.IntentExtension
2026-08-07T20:42:13Z	verify-v1.profile uuid	0C15F93B-6EF6-4373-B9F4-5841E6F6F942 name=Musically_Dis_IMESSAGE expiry=2026-11-04T10:20:18Z matches_bundle=false app_ids=MJ797D8U6F.com.zhiliaoapp.musically.imessage
2026-08-07T20:42:13Z	verify-v1.profile uuid	6F33B105-6703-4E51-BE14-E0E9C84E6E21 name=Musically_BYTEMOD_VIDEO_BROADCAST_EXTENSION expiry=2026-11-04T10:20:18Z matches_bundle=false app_ids=MJ797D8U6F.com.zhiliaoapp.musically.VideoBroadcastExtension1
2026-08-07T20:42:13Z	verify-v1.profile uuid	6C3A5C98-5999-4E8F-A581-F0614ACEAEDD name=Musically_Dis_WalletShareExtension expiry=2026-11-04T10:20:18Z matches_bundle=false app_ids=MJ797D8U6F.com.zhiliaoapp.musically.WalletShareExtension
2026-08-07T20:42:13Z	verify-v1.profile uuid	7F22666C-F38B-44C9-8A19-97169C59E96B name=Musically_Dis_WIDGET_EXTENSION expiry=2026-11-04T10:20:18Z matches_bundle=false app_ids=MJ797D8U6F.com.zhiliaoapp.musically.TTWidgetExtension
2026-08-07T20:42:13Z	verify-v1.profile uuid	F0631EEC-B3D0-4FF0-865B-4D96632CB259 name=Musically_Dis_WalletAuthExtension expiry=2026-11-04T10:20:18Z matches_bundle=false app_ids=MJ797D8U6F.com.zhiliaoapp.musically.WalletAuthExtension
2026-08-07T20:42:13Z	verify-v1.profile uuid	A8AC52D4-7883-4134-9A07-ECB4605F8E86 name=Musically_Dis_TODAY_WIDGET expiry=2026-11-04T10:20:18Z matches_bundle=false app_ids=MJ797D8U6F.com.zhiliaoapp.musically.TodayWidget
2026-08-07T20:42:13Z	verify-v1.profile uuid	28CD5D21-AA8F-4640-92FB-22B58B6A476E name=prod-server-appstore expiry=2026-11-04T10:20:18Z matches_bundle=false app_ids=MJ797D8U6F.com.zhiliaoapp.musically
2026-08-07T20:42:13Z	verify-v1.profile uuid	110AB990-EFAC-4ABA-A9AF-B674F32E2335 name=Musically_Dis_PUSH_NOTIFICATION_ATTACHMENT expiry=2026-11-04T10:20:18Z matches_bundle=false app_ids=MJ797D8U6F.com.zhiliaoapp.musically.PushNotificationAttachment
2026-08-07T20:42:13Z	verify-v1.profile uuid	C9F38021-AD7A-4471-9ECE-4A4443C5D9A4 name=musically share ext prod expiry=2026-11-04T10:20:18Z matches_bundle=false app_ids=MJ797D8U6F.com.zhiliaoapp.musically.ShareExtension
2026-08-07T20:42:13Z	verify-v1.profile uuid	58A07CE2-1BAE-448A-A8C1-238FB934BC19 name=iOS Team Store Provisioning Profile: io.tailscale.ipn.ios.file-provider expiry=2026-11-02T19:08:45Z matches_bundle=false app_ids=W5364U7YZB.io.tailscale.ipn.ios.file-provider
2026-08-07T20:42:13Z	verify-v1.profile uuid	A09FFB88-EBFD-4424-9BD8-0DFE49071261 name=iOS Team Store Provisioning Profile: io.tailscale.ipn.ios.share-extension expiry=2026-11-02T19:08:45Z matches_bundle=false app_ids=W5364U7YZB.io.tailscale.ipn.ios.share-extension
2026-08-07T20:42:13Z	verify-v1.profile uuid	A52384CF-D1B0-45C7-A03A-DAF76A383064 name=iOS Team Store Provisioning Profile: io.tailscale.ipn.ios expiry=2026-11-02T19:08:45Z matches_bundle=false app_ids=W5364U7YZB.io.tailscale.ipn.ios
2026-08-07T20:42:13Z	verify-v1.profile uuid	5A7CE68A-57F8-413C-AC56-23576E7786D5 name=iOS Team Store Provisioning Profile: io.tailscale.ipn.ios.file-provider-ui expiry=2026-11-02T19:08:45Z matches_bundle=false app_ids=W5364U7YZB.io.tailscale.ipn.ios.file-provider-ui
2026-08-07T20:42:13Z	verify-v1.profile uuid	4EE396EB-72E1-4B8B-9AEA-A2E8EE2D7CFF name=iOS Team Store Provisioning Profile: io.tailscale.ipn.ios.network-extension expiry=2026-11-02T19:08:45Z matches_bundle=false app_ids=W5364U7YZB.io.tailscale.ipn.ios.network-extension
2026-08-07T20:42:13Z	verify-v1.profile uuid	931B3C0E-2E16-44DF-A91B-CA2F0A9B5EAB name=iOS Team Store Provisioning Profile: io.tailscale.ipn.ios.widgets expiry=2026-11-02T19:08:45Z matches_bundle=false app_ids=W5364U7YZB.io.tailscale.ipn.ios.widgets
2026-08-07T20:42:13Z	verify-v1.profile uuid	942bae87-b125-4168-a1a1-f3684e74e120 name=iOS Team Provisioning Profile: com.SideStore.SideStore.A7VT6RU6XK expiry=2026-08-14T08:31:15Z matches_bundle=false app_ids=A7VT6RU6XK.com.SideStore.SideStore.A7VT6RU6XK
2026-08-07T20:42:13Z	verify-v1.profile uuid	3ce3caff-672a-438b-9c4b-d4e436d7f219 name=iOS Team Provisioning Profile: com.SideStore.SideStore.A7VT6RU6XK expiry=2026-08-14T09:49:55Z matches_bundle=false app_ids=A7VT6RU6XK.com.SideStore.SideStore.A7VT6RU6XK
2026-08-07T20:42:13Z	verify-v1.profile uuid	23b3e415-b1ed-4420-be1f-d29fb2dbad2a name=iOS Team Provisioning Profile: com.SideStore.SideStore.A7VT6RU6XK expiry=2026-08-14T10:17:24Z matches_bundle=false app_ids=A7VT6RU6XK.com.SideStore.SideStore.A7VT6RU6XK
2026-08-07T20:42:13Z	verify-v1.profile uuid	7efadfe2-5c36-4a9f-b86b-9799b8299726 name=iOS Team Provisioning Profile: com.SideStore.SideStore.A7VT6RU6XK expiry=2026-08-14T10:40:40Z matches_bundle=false app_ids=A7VT6RU6XK.com.SideStore.SideStore.A7VT6RU6XK
2026-08-07T20:42:13Z	verify-v1.profile uuid	8f8ca693-4ee2-4f4a-9687-52ee9b5d7ad1 name=iOS Team Provisioning Profile: com.SideStore.SideStore.A7VT6RU6XK expiry=2026-08-14T11:13:31Z matches_bundle=false app_ids=A7VT6RU6XK.com.SideStore.SideStore.A7VT6RU6XK
2026-08-07T20:42:13Z	verify-v1.profile uuid	8bdbe42c-e910-4015-9ccb-3842a4c68153 name=iOS Team Provisioning Profile: com.SideStore.SideStore.A7VT6RU6XK expiry=2026-08-14T11:30:25Z matches_bundle=false app_ids=A7VT6RU6XK.com.SideStore.SideStore.A7VT6RU6XK
2026-08-07T20:42:13Z	verify-v1.profile uuid	90A097BA-D66C-491F-B387-55A8E16696E6 name=iOS Team Store Provisioning Profile: com.lpierpoint.strand expiry=2026-11-05T06:45:39Z matches_bundle=false app_ids=8JR4R8VQ57.com.lpierpoint.strand
2026-08-07T20:42:13Z	verify-v1.profile uuid	EC0689E0-2846-48F2-80D8-87847922D5D7 name=com.revolut.revolut.IntentsExtension-distribution expiry=2026-11-04T01:39:25Z matches_bundle=false app_ids=QUZEZSEARC.com.revolut.revolut.IntentsExtension
2026-08-07T20:42:13Z	verify-v1.profile uuid	F14B93D9-2DDE-4C71-BC2E-BE7598330B3E name=Revolut ShortcutsWidget Distribution Profile expiry=2026-11-04T01:39:25Z matches_bundle=false app_ids=QUZEZSEARC.com.revolut.revolut.ShortcutsWidget
2026-08-07T20:42:13Z	verify-v1.profile uuid	26D57876-9669-4C1E-83EA-7221BCA91C79 name=RevolutApplePayDistributionProfile expiry=2026-11-04T01:39:25Z matches_bundle=false app_ids=QUZEZSEARC.com.revolut.revolut
2026-08-07T20:42:14Z	verify-v1.profile uuid	ECE1FDD9-F4EA-4202-BFDD-2658FF71E820 name=com.revolut.revolut.WalletExtension-distribution expiry=2026-11-04T01:39:25Z matches_bundle=false app_ids=QUZEZSEARC.com.revolut.revolut.WalletExtension
2026-08-07T20:42:14Z	verify-v1.profile uuid	D2DC8AD6-4FBA-41AD-BDB8-F3CF8D0A73C1 name=com.revolut.revolut.Clip AppStore expiry=2026-11-04T01:39:25Z matches_bundle=false app_ids=QUZEZSEARC.com.revolut.revolut.Clip
2026-08-07T20:42:14Z	verify-v1.profile uuid	F25DF485-9BB8-4C11-8EA7-9B28CF8D23CE name=RevolutDistributionProfileWatchkitextension expiry=2026-11-04T01:39:25Z matches_bundle=false app_ids=QUZEZSEARC.com.revolut.revolut.watchkitapp.watchkitextension
2026-08-07T20:42:14Z	verify-v1.profile uuid	19FCFAB1-1206-473C-9C7A-EFCCA4C028A5 name=NotificationService Distribution Profile expiry=2026-11-04T01:39:25Z matches_bundle=false app_ids=QUZEZSEARC.com.revolut.revolut.NotificationService
2026-08-07T20:42:14Z	verify-v1.profile uuid	9A3FBD7F-15D1-4801-A13A-DE24541EC150 name=com.revolut.revolut.WalletAuthExtension-distribution expiry=2026-11-04T01:39:25Z matches_bundle=false app_ids=QUZEZSEARC.com.revolut.revolut.WalletAuthExtension
2026-08-07T20:42:14Z	verify-v1.profile uuid	E17ECB6C-7FAD-48EB-B87B-365998F0B153 name=RevolutDistributionProfileWatchkitapp expiry=2026-11-04T01:39:25Z matches_bundle=false app_ids=QUZEZSEARC.com.revolut.revolut.watchkitapp
2026-08-07T20:42:14Z	verify-v1.profile uuid	b63b473c-4646-40cd-9c33-c3a19f83f074 name=iOS Team Provisioning Profile: org.sidey.phasetest.A7VT6RU6XK expiry=2026-08-14T20:28:47Z matches_bundle=true app_ids=A7VT6RU6XK.org.sidey.phasetest.A7VT6RU6XK
2026-08-07T20:42:14Z	verify-v1.profile uuid	642579c8-9911-4f91-8b16-0c30b9c79ba5 name=iOS Team Provisioning Profile: org.sidey.phasetest.A7VT6RU6XK expiry=2026-08-14T20:28:58Z matches_bundle=true app_ids=A7VT6RU6XK.org.sidey.phasetest.A7VT6RU6XK
2026-08-07T20:42:14Z	verify-v1.profile uuid	b839c952-9d59-4e53-b92f-8b7bc2ff3bb2 name=iOS Team Provisioning Profile: org.sidey.phasetest.A7VT6RU6XK expiry=2026-08-14T20:32:09Z matches_bundle=true app_ids=A7VT6RU6XK.org.sidey.phasetest.A7VT6RU6XK
2026-08-07T20:42:14Z	verify-v1.profile uuid	a6eeba32-8180-4974-87f1-7b45ed949dbf name=iOS Team Provisioning Profile: org.sidey.phasetest.A7VT6RU6XK expiry=2026-08-14T20:32:17Z matches_bundle=true app_ids=A7VT6RU6XK.org.sidey.phasetest.A7VT6RU6XK
2026-08-07T20:42:14Z	verify-v1.profile uuid	fe990576-4fcf-4953-bf7b-d7c8416db26f name=iOS Team Provisioning Profile: org.sidey.phasetest.A7VT6RU6XK expiry=2026-08-14T20:33:42Z matches_bundle=true app_ids=A7VT6RU6XK.org.sidey.phasetest.A7VT6RU6XK
2026-08-07T20:42:14Z	verify-v1.profile uuid	8358dcd1-c3a3-47c7-8a83-272540d0a6e5 name=iOS Team Provisioning Profile: org.sidey.phasetest.A7VT6RU6XK expiry=2026-08-14T20:37:56Z matches_bundle=true app_ids=A7VT6RU6XK.org.sidey.phasetest.A7VT6RU6XK
2026-08-07T20:42:14Z	verify-v1.profile uuid	7cf50854-e936-49d2-8f0f-ec2a137b8a03 name=iOS Team Provisioning Profile: org.sidey.phasetest.A7VT6RU6XK expiry=2026-08-14T20:40:37Z matches_bundle=true app_ids=A7VT6RU6XK.org.sidey.phasetest.A7VT6RU6XK
2026-08-07T20:42:14Z	verify-v1.profile uuid	3deb8f5b-db47-49dc-9b21-9327cdde036a name=iOS Team Provisioning Profile: org.sidey.phasetest.A7VT6RU6XK expiry=2026-08-14T20:40:52Z matches_bundle=true app_ids=A7VT6RU6XK.org.sidey.phasetest.A7VT6RU6XK
2026-08-07T20:42:14Z	verify-v1.profile uuid	bae021a8-67f3-4f82-9b13-5f61952004a6 name=iOS Team Provisioning Profile: org.sidey.phasetest.A7VT6RU6XK expiry=2026-08-14T20:42:01Z matches_bundle=true app_ids=A7VT6RU6XK.org.sidey.phasetest.A7VT6RU6XK
2026-08-07T20:42:15Z	documents:exit	1
2026-08-07T20:42:15Z	documents.expected	personal-team-free-signed-app
2026-08-07T20:42:15Z	upgrade.ipa.v2	/home/ubuntu/git/sidey-server/results/phase-b/rsd-20260807T204154Z/test-v2.ipa
2026-08-07T20:42:24Z	rsd-upgrade.exit	0
2026-08-07T20:42:24Z	rsd-upgrade.profile_expiry	2026-08-14T20:42:18Z
2026-08-07T20:42:24Z	rsd-upgrade.version	null
2026-08-07T20:42:30Z	verify-v2:exit	0
2026-08-07T20:42:30Z	verify-v2.[2m2026-08-07T20:42:24.937913Z[0m [32m INFO[0m [2mtransport_spike[0m[2m:[0m device: udid	00008120-001E11211184C01E connection=Usb
2026-08-07T20:42:30Z	verify-v2.installed bundle_id	org.sidey.phasetest.A7VT6RU6XK version=1.2 build=2 path=/private/var/containers/Bundle/Application/0B0D0161-7846-4F22-9DB3-7594346F1268/PhaseTest.app min_os=15.0
2026-08-07T20:42:30Z	verify-v2.provisioning_profiles	102
2026-08-07T20:42:30Z	verify-v2.profile uuid	40B7D4B9-6FDB-444D-BDF1-A82AC820E7E4 name=iOS Team Store Provisioning Profile: com.vaulthuntersnm.HomeMapper expiry=2026-08-26T15:18:21Z matches_bundle=false app_ids=U325GS9AYG.com.vaulthuntersnm.HomeMapper
2026-08-07T20:42:30Z	verify-v2.profile uuid	BB403564-17B1-4C89-A289-81767D28C8E3 name=iOS Team Store Provisioning Profile: fm.earsay.asset-downloader expiry=2026-08-29T02:38:29Z matches_bundle=false app_ids=4GB7LATCNU.fm.earsay.asset-downloader
2026-08-07T20:42:30Z	verify-v2.profile uuid	55BD76E5-0C66-4F00-857B-3E243A518F6B name=iOS Team Store Provisioning Profile: fm.earsay expiry=2026-08-29T02:38:29Z matches_bundle=false app_ids=4GB7LATCNU.fm.earsay
2026-08-07T20:42:30Z	verify-v2.profile uuid	B1D33935-7CFA-4E45-A944-AE9B699161B2 name=iOS Team Store Provisioning Profile: fm.earsay.widgets expiry=2026-08-29T02:38:29Z matches_bundle=false app_ids=4GB7LATCNU.fm.earsay.widgets
2026-08-07T20:42:30Z	verify-v2.profile uuid	01867E8D-2259-4E4D-96A8-EF63C11725B2 name=iOS Team Store Provisioning Profile: fm.earsay.watch expiry=2026-08-29T02:38:29Z matches_bundle=false app_ids=4GB7LATCNU.fm.earsay.watch
2026-08-07T20:42:30Z	verify-v2.profile uuid	8D71AF3D-2671-4C90-B008-9E21462964CF name=match AppStore com.plexapp.plex.NotificationsService expiry=2026-09-13T16:42:01Z matches_bundle=false app_ids=K4QJ56KR4A.com.plexapp.plex.NotificationsService
2026-08-07T20:42:30Z	verify-v2.profile uuid	BB8C9F28-1E25-4B57-B8BC-8F7CD56E0421 name=match AppStore com.plexapp.plex expiry=2026-09-13T16:42:01Z matches_bundle=false app_ids=64UQD6MX6T.com.plexapp.plex
2026-08-07T20:42:30Z	verify-v2.profile uuid	38A4F1DB-3A1B-4403-AA4D-1AABEAFA915E name=match AppStore tv.plex.rn.app.NotificationsService expiry=2026-09-13T16:46:05Z matches_bundle=false app_ids=K4QJ56KR4A.tv.plex.rn.app.NotificationsService
2026-08-07T20:42:30Z	verify-v2.profile uuid	9AB904CC-75FC-4357-8465-34A7C8913A1C name=match AppStore tv.plex.rn.app expiry=2026-09-13T16:46:05Z matches_bundle=false app_ids=K4QJ56KR4A.tv.plex.rn.app
2026-08-07T20:42:30Z	verify-v2.profile uuid	7CDE0FDE-EFCC-41B8-A7A0-35B34DAA1318 name=iOS Team Store Provisioning Profile: com.mobilefootie.fotmobpro.serviceextension expiry=2026-10-08T12:03:49Z matches_bundle=false app_ids=MWA7HDX56V.com.mobilefootie.fotmobpro.serviceextension
2026-08-07T20:42:30Z	verify-v2.profile uuid	1F64504E-331C-44AC-B25F-522719533060 name=iOS Team Store Provisioning Profile: com.mobilefootie.fotmobpro.FavoriteTeamWidget expiry=2026-10-08T12:03:49Z matches_bundle=false app_ids=MWA7HDX56V.com.mobilefootie.fotmobpro.FavoriteTeamWidget
2026-08-07T20:42:30Z	verify-v2.profile uuid	F86FDD12-DC43-477E-BF80-782AF35D725F name=iOS Team Store Provisioning Profile: com.mobilefootie.fotmobpro.FavoriteTeamWidgetIntent expiry=2026-10-08T12:03:49Z matches_bundle=false app_ids=MWA7HDX56V.com.mobilefootie.fotmobpro.FavoriteTeamWidgetIntent
2026-08-07T20:42:30Z	verify-v2.profile uuid	CE5F79C8-8467-49B0-A6B8-1D84C70DBB5C name=iOS Team Store Provisioning Profile: com.mobilefootie.fotmobpro expiry=2026-10-08T12:03:49Z matches_bundle=false app_ids=MWA7HDX56V.com.mobilefootie.fotmobpro
2026-08-07T20:42:30Z	verify-v2.profile uuid	6035F3D9-8B4C-4E12-9405-F69B23B481CB name=iOS Team Store Provisioning Profile: com.mobilefootie.fotmobpro.TodayScores expiry=2026-10-08T12:03:49Z matches_bundle=false app_ids=MWA7HDX56V.com.mobilefootie.fotmobpro.TodayScores
2026-08-07T20:42:30Z	verify-v2.profile uuid	AE2BF0B5-8864-4B96-B134-46FEE3C2330D name=iOS Team Store Provisioning Profile: com.mobilefootie.fotmobpro.contentextension expiry=2026-10-08T12:03:49Z matches_bundle=false app_ids=MWA7HDX56V.com.mobilefootie.fotmobpro.contentextension
2026-08-07T20:42:30Z	verify-v2.profile uuid	F883C477-A682-4E20-94FF-BA0C3FBEBA10 name=iOS Team Store Provisioning Profile: com.mobilefootie.fotmobpro.watchkitapp.watchkitappWidgets expiry=2026-10-08T12:03:49Z matches_bundle=false app_ids=MWA7HDX56V.com.mobilefootie.fotmobpro.watchkitapp.watchkitappWidgets
2026-08-07T20:42:30Z	verify-v2.profile uuid	BC0F4AF9-ECDD-4626-97C6-809E64B38695 name=iOS Team Store Provisioning Profile: com.mobilefootie.fotmobpro.watchkitapp expiry=2026-10-08T12:03:49Z matches_bundle=false app_ids=MWA7HDX56V.com.mobilefootie.fotmobpro.watchkitapp
2026-08-07T20:42:30Z	verify-v2.profile uuid	C0A97B30-92CF-42EA-873D-2ABC44E2270A name=com_spotify_client_appstore expiry=2026-10-12T08:33:55Z matches_bundle=false app_ids=8W66MEA7DD.com.spotify.client
2026-08-07T20:42:30Z	verify-v2.profile uuid	35DA3986-CBE3-493B-9623-B87F1E72F12B name=RevolutApplePayDistributionProfile expiry=2026-10-14T00:58:16Z matches_bundle=false app_ids=QUZEZSEARC.com.revolut.revolut
2026-08-07T20:42:30Z	verify-v2.profile uuid	1A299277-E639-4DA0-BCF1-0D1D984D1581 name=iOS Team Store Provisioning Profile: com.lpierpoint.strand expiry=2026-10-15T07:41:16Z matches_bundle=false app_ids=8JR4R8VQ57.com.lpierpoint.strand
2026-08-07T20:42:30Z	verify-v2.profile uuid	58F5F460-B4F1-42ED-B034-97E128FF910F name=iOS Team Store Provisioning Profile: com.kylebashour.aqi-wtf.watchkitapp.PakuWatchWidget expiry=2026-10-17T22:54:18Z matches_bundle=false app_ids=ZEAD23GG77.com.kylebashour.aqi-wtf.watchkitapp.PakuWatchWidget
2026-08-07T20:42:30Z	verify-v2.profile uuid	07DD0F0D-A241-4BEB-874B-7201F1123840 name=iOS Team Store Provisioning Profile: com.kylebashour.aqi-wtf expiry=2026-10-17T22:54:18Z matches_bundle=false app_ids=ZEAD23GG77.com.kylebashour.aqi-wtf
2026-08-07T20:42:30Z	verify-v2.profile uuid	2522D926-8DF9-4794-9264-647CB4DD50E9 name=iOS Team Store Provisioning Profile: com.kylebashour.aqi-wtf.watchkitapp expiry=2026-10-17T22:54:18Z matches_bundle=false app_ids=ZEAD23GG77.com.kylebashour.aqi-wtf.watchkitapp
2026-08-07T20:42:30Z	verify-v2.profile uuid	40C8B3A4-E7D7-4149-962C-7B420A91EA1A name=iOS Team Store Provisioning Profile: com.kylebashour.aqi-wtf.NotificationService expiry=2026-10-17T22:54:18Z matches_bundle=false app_ids=ZEAD23GG77.com.kylebashour.aqi-wtf.NotificationService
2026-08-07T20:42:30Z	verify-v2.profile uuid	F97B8DE5-AAEE-4460-9607-CBB0FE8285D6 name=iOS Team Store Provisioning Profile: com.kylebashour.aqi-wtf.aqi-widget expiry=2026-10-17T22:54:18Z matches_bundle=false app_ids=ZEAD23GG77.com.kylebashour.aqi-wtf.aqi-widget
2026-08-07T20:42:30Z	verify-v2.profile uuid	3874D4FF-3034-47D6-8509-BC8858705CBD name=iOS Team Store Provisioning Profile: com.benjaminlevinson.media expiry=2026-10-20T13:35:41Z matches_bundle=false app_ids=M379WPVT8A.com.benjaminlevinson.media
2026-08-07T20:42:30Z	verify-v2.profile uuid	3BE3F6A5-E2A0-4B3E-84DB-43177EFD0571 name=iOS Team Store Provisioning Profile: com.kagi.kagiiOS.AutoFillProvider expiry=2026-10-28T10:27:23Z matches_bundle=false app_ids=TFVG979488.com.kagi.kagiiOS.AutoFillProvider
2026-08-07T20:42:30Z	verify-v2.profile uuid	20F5655B-07CB-414A-8C88-3D393FB2A323 name=iOS Team Store Provisioning Profile: com.kagi.kagiiOS expiry=2026-10-28T10:27:23Z matches_bundle=false app_ids=TFVG979488.com.kagi.kagiiOS
2026-08-07T20:42:30Z	verify-v2.profile uuid	2116197B-9BC3-43D6-895A-DAE8A26C3AC4 name=iOS Team Store Provisioning Profile: com.kagi.kagiiOS.ShareExtension expiry=2026-10-28T10:27:23Z matches_bundle=false app_ids=TFVG979488.com.kagi.kagiiOS.ShareExtension
2026-08-07T20:42:30Z	verify-v2.profile uuid	C9223463-E6F2-4A00-BC3E-22FBF735FCD9 name=iOS Team Store Provisioning Profile: com.kagi.kagiiOS.ActionExtension expiry=2026-10-28T10:27:23Z matches_bundle=false app_ids=TFVG979488.com.kagi.kagiiOS.ActionExtension
2026-08-07T20:42:30Z	verify-v2.profile uuid	E30F6E52-3845-4D7F-B310-34CC4C9EEB82 name=iOS Team Store Provisioning Profile: com.benjaminlevinson.media expiry=2026-10-27T01:04:27Z matches_bundle=false app_ids=M379WPVT8A.com.benjaminlevinson.media
2026-08-07T20:42:30Z	verify-v2.profile uuid	EBF4FC69-915B-4BC9-AD5D-E67EDEF23A17 name=iOS Team Store Provisioning Profile: com.benjaminlevinson.media.DownloadActivityWidget expiry=2026-10-27T01:04:27Z matches_bundle=false app_ids=M379WPVT8A.com.benjaminlevinson.media.DownloadActivityWidget
2026-08-07T20:42:30Z	verify-v2.profile uuid	E9198F57-7F1E-4D6D-84C7-2567A999E645 name=XC de jrpDevelopment homemanager ios_app_store 1781279583 expiry=2026-10-29T11:52:38Z matches_bundle=false app_ids=87C2986JW5.de.jrpDevelopment.homemanager
2026-08-07T20:42:30Z	verify-v2.profile uuid	348DD022-9F66-4340-A08B-91145C599341 name=iOS Team Store Provisioning Profile: co.helios-app expiry=2026-10-29T22:20:13Z matches_bundle=false app_ids=4Z688534J6.co.helios-app
2026-08-07T20:42:30Z	verify-v2.profile uuid	A0CA525B-F399-4E4A-82FD-484AF08652CF name=iOS Team Store Provisioning Profile: co.helios-app.watchkitapp expiry=2026-10-29T22:20:13Z matches_bundle=false app_ids=4Z688534J6.co.helios-app.watchkitapp
2026-08-07T20:42:30Z	verify-v2.profile uuid	8C27AD74-B9EC-445B-BF24-9B706903E4F8 name=iOS Team Store Provisioning Profile: co.helios-app.safari-extension expiry=2026-10-29T22:20:13Z matches_bundle=false app_ids=4Z688534J6.co.helios-app.safari-extension
2026-08-07T20:42:30Z	verify-v2.profile uuid	C49E9E3B-9639-4C56-8102-8B55F25AB725 name=iOS Team Store Provisioning Profile: co.helios-app.widget expiry=2026-10-29T22:20:13Z matches_bundle=false app_ids=4Z688534J6.co.helios-app.widget
2026-08-07T20:42:30Z	verify-v2.profile uuid	577BEAB1-68EB-4B22-A7DF-D8148C1A6627 name=match AppStore io.b2a.BankProd.WalletExtension expiry=2026-11-02T07:00:02Z matches_bundle=false app_ids=6944V8G4S2.io.b2a.BankProd.WalletExtension
2026-08-07T20:42:30Z	verify-v2.profile uuid	48F70EED-FEA1-486A-9B02-7E390FA94FD4 name=match AppStore io.b2a.BankProd.WalletUIExtension expiry=2026-11-02T07:00:02Z matches_bundle=false app_ids=6944V8G4S2.io.b2a.BankProd.WalletUIExtension
2026-08-07T20:42:30Z	verify-v2.profile uuid	1F6D14F9-87F8-4DA1-BC7C-C18874218D93 name=match AppStore io.b2a.BankProd.TimelineLiveActivityExtension expiry=2026-11-02T07:00:02Z matches_bundle=false app_ids=6944V8G4S2.io.b2a.BankProd.TimelineLiveActivityExtension
2026-08-07T20:42:30Z	verify-v2.profile uuid	4CDCBC02-5D25-48CE-BF8B-EB713BD43F67 name=match AppStore io.b2a.BankProd.MonzoAppClip expiry=2026-11-02T07:00:02Z matches_bundle=false app_ids=6944V8G4S2.io.b2a.BankProd.MonzoAppClip
2026-08-07T20:42:30Z	verify-v2.profile uuid	CC5C987B-AF2A-4996-9B79-F77423BA2CE2 name=match AppStore io.b2a.BankProd expiry=2026-11-02T07:00:02Z matches_bundle=false app_ids=6944V8G4S2.io.b2a.BankProd
2026-08-07T20:42:30Z	verify-v2.profile uuid	5D4C3C54-3704-493A-9A21-55D3DEA20B6A name=com_spotify_client_appstore expiry=2026-11-02T14:06:06Z matches_bundle=false app_ids=8W66MEA7DD.com.spotify.client
2026-08-07T20:42:30Z	verify-v2.profile uuid	18E148A0-4381-46E5-9880-C493EE52C1BB name=com_spotify_client_watchkitapp_widget_appstore expiry=2026-11-02T14:06:06Z matches_bundle=false app_ids=2FNC3A47ZF.com.spotify.client.watchkitapp.widget
2026-08-07T20:42:30Z	verify-v2.profile uuid	DC7118E9-F507-4E34-BFF4-5DF396BA086D name=com_spotify_client_watchkitapp_appstore expiry=2026-11-02T14:06:06Z matches_bundle=false app_ids=2FNC3A47ZF.com.spotify.client.watchkitapp
2026-08-07T20:42:30Z	verify-v2.profile uuid	764C3F8D-50C7-4E83-908C-51E246765D83 name=com_spotify_client_watchkitapp_intents_appstore expiry=2026-11-02T14:06:06Z matches_bundle=false app_ids=2FNC3A47ZF.com.spotify.client.watchkitapp.intents
2026-08-07T20:42:30Z	verify-v2.profile uuid	84147965-D5DD-464F-9E25-6025D9D21858 name=com_spotify_client_notification_appstore expiry=2026-11-02T14:06:06Z matches_bundle=false app_ids=8W66MEA7DD.com.spotify.client.notification
2026-08-07T20:42:30Z	verify-v2.profile uuid	A64E08B8-F6D5-470A-AF26-F5568983468B name=com_spotify_client_widgetnowplaying_appstore expiry=2026-11-02T14:06:06Z matches_bundle=false app_ids=2FNC3A47ZF.com.spotify.client.widgetnowplaying
2026-08-07T20:42:30Z	verify-v2.profile uuid	AF05992A-F7AC-48F5-80B8-668807F294C8 name=com_spotify_client_notificationcontent_appstore expiry=2026-11-02T14:06:06Z matches_bundle=false app_ids=2FNC3A47ZF.com.spotify.client.notificationcontent
2026-08-07T20:42:30Z	verify-v2.profile uuid	0133354A-84EE-4B49-B3AC-63EB137E2E12 name=com_spotify_client_intents_appstore expiry=2026-11-02T14:06:06Z matches_bundle=false app_ids=8W66MEA7DD.com.spotify.client.intents
2026-08-07T20:42:30Z	verify-v2.profile uuid	9426B0C7-CDE1-43B0-A7B5-FE7EE513BEDF name=match AppStore so.notion.NotionAI.Prod expiry=2026-11-03T04:39:59Z matches_bundle=false app_ids=LBQJ96FQ8D.so.notion.NotionAI.Prod
2026-08-07T20:42:30Z	verify-v2.profile uuid	582C7D6C-FD65-43FF-9A1D-86CAB4FA8B24 name=match AppStore so.notion.NotionAI.Prod.Widgets expiry=2026-11-03T04:39:59Z matches_bundle=false app_ids=LBQJ96FQ8D.so.notion.NotionAI.Prod.Widgets
2026-08-07T20:42:30Z	verify-v2.profile uuid	74c2c137-42a2-4c27-8083-c9150f4d051c name=iOS Team Provisioning Profile: com.SideStore.SideStore.V86ML8B8GQ.AltWidget expiry=2026-08-12T22:19:47Z matches_bundle=false app_ids=V86ML8B8GQ.com.SideStore.SideStore.V86ML8B8GQ.AltWidget
2026-08-07T20:42:30Z	verify-v2.profile uuid	93d6985a-5420-4f68-be46-1b7c62a23632 name=iOS Team Provisioning Profile: com.SideStore.SideStore.V86ML8B8GQ.AltWidget expiry=2026-08-12T22:38:00Z matches_bundle=false app_ids=V86ML8B8GQ.com.SideStore.SideStore.V86ML8B8GQ.AltWidget
2026-08-07T20:42:30Z	verify-v2.profile uuid	33184dcd-5600-4c90-a5a6-595e9c618fc2 name=iOS Team Provisioning Profile: com.SideStore.SideStore.V86ML8B8GQ.AltWidget expiry=2026-08-12T22:58:10Z matches_bundle=false app_ids=V86ML8B8GQ.com.SideStore.SideStore.V86ML8B8GQ.AltWidget
2026-08-07T20:42:30Z	verify-v2.profile uuid	234C3353-8FB6-4467-B734-C515E9D8EF7B name=com.revolut.revolut.Clip AppStore expiry=2026-11-03T01:28:49Z matches_bundle=false app_ids=QUZEZSEARC.com.revolut.revolut.Clip
2026-08-07T20:42:30Z	verify-v2.profile uuid	A25050C0-AE6E-4E1B-B531-4E5E168B23F0 name=RevolutDistributionProfileWatchkitextension expiry=2026-11-03T01:28:49Z matches_bundle=false app_ids=QUZEZSEARC.com.revolut.revolut.watchkitapp.watchkitextension
2026-08-07T20:42:30Z	verify-v2.profile uuid	4F974CB4-7C99-414C-88CF-C2782BB6ACCB name=NotificationService Distribution Profile expiry=2026-11-03T01:28:49Z matches_bundle=false app_ids=QUZEZSEARC.com.revolut.revolut.NotificationService
2026-08-07T20:42:30Z	verify-v2.profile uuid	23D05143-BE0D-4374-AE9C-46B55E105CFE name=com.revolut.revolut.WalletAuthExtension-distribution expiry=2026-11-03T01:28:49Z matches_bundle=false app_ids=QUZEZSEARC.com.revolut.revolut.WalletAuthExtension
2026-08-07T20:42:30Z	verify-v2.profile uuid	6CF24F74-1C95-4A29-8494-4F259CFC45A4 name=RevolutDistributionProfileWatchkitapp expiry=2026-11-03T01:28:49Z matches_bundle=false app_ids=QUZEZSEARC.com.revolut.revolut.watchkitapp
2026-08-07T20:42:30Z	verify-v2.profile uuid	9EA7C909-98D6-4ECF-BA23-B057D101012C name=Musically_Dis_IntentExtension expiry=2026-11-04T10:20:18Z matches_bundle=false app_ids=MJ797D8U6F.com.zhiliaoapp.musically.IntentExtension
2026-08-07T20:42:30Z	verify-v2.profile uuid	0C15F93B-6EF6-4373-B9F4-5841E6F6F942 name=Musically_Dis_IMESSAGE expiry=2026-11-04T10:20:18Z matches_bundle=false app_ids=MJ797D8U6F.com.zhiliaoapp.musically.imessage
2026-08-07T20:42:30Z	verify-v2.profile uuid	6F33B105-6703-4E51-BE14-E0E9C84E6E21 name=Musically_BYTEMOD_VIDEO_BROADCAST_EXTENSION expiry=2026-11-04T10:20:18Z matches_bundle=false app_ids=MJ797D8U6F.com.zhiliaoapp.musically.VideoBroadcastExtension1
2026-08-07T20:42:30Z	verify-v2.profile uuid	6C3A5C98-5999-4E8F-A581-F0614ACEAEDD name=Musically_Dis_WalletShareExtension expiry=2026-11-04T10:20:18Z matches_bundle=false app_ids=MJ797D8U6F.com.zhiliaoapp.musically.WalletShareExtension
2026-08-07T20:42:30Z	verify-v2.profile uuid	7F22666C-F38B-44C9-8A19-97169C59E96B name=Musically_Dis_WIDGET_EXTENSION expiry=2026-11-04T10:20:18Z matches_bundle=false app_ids=MJ797D8U6F.com.zhiliaoapp.musically.TTWidgetExtension
2026-08-07T20:42:30Z	verify-v2.profile uuid	F0631EEC-B3D0-4FF0-865B-4D96632CB259 name=Musically_Dis_WalletAuthExtension expiry=2026-11-04T10:20:18Z matches_bundle=false app_ids=MJ797D8U6F.com.zhiliaoapp.musically.WalletAuthExtension
2026-08-07T20:42:30Z	verify-v2.profile uuid	A8AC52D4-7883-4134-9A07-ECB4605F8E86 name=Musically_Dis_TODAY_WIDGET expiry=2026-11-04T10:20:18Z matches_bundle=false app_ids=MJ797D8U6F.com.zhiliaoapp.musically.TodayWidget
2026-08-07T20:42:30Z	verify-v2.profile uuid	28CD5D21-AA8F-4640-92FB-22B58B6A476E name=prod-server-appstore expiry=2026-11-04T10:20:18Z matches_bundle=false app_ids=MJ797D8U6F.com.zhiliaoapp.musically
2026-08-07T20:42:30Z	verify-v2.profile uuid	110AB990-EFAC-4ABA-A9AF-B674F32E2335 name=Musically_Dis_PUSH_NOTIFICATION_ATTACHMENT expiry=2026-11-04T10:20:18Z matches_bundle=false app_ids=MJ797D8U6F.com.zhiliaoapp.musically.PushNotificationAttachment
2026-08-07T20:42:30Z	verify-v2.profile uuid	C9F38021-AD7A-4471-9ECE-4A4443C5D9A4 name=musically share ext prod expiry=2026-11-04T10:20:18Z matches_bundle=false app_ids=MJ797D8U6F.com.zhiliaoapp.musically.ShareExtension
2026-08-07T20:42:30Z	verify-v2.profile uuid	58A07CE2-1BAE-448A-A8C1-238FB934BC19 name=iOS Team Store Provisioning Profile: io.tailscale.ipn.ios.file-provider expiry=2026-11-02T19:08:45Z matches_bundle=false app_ids=W5364U7YZB.io.tailscale.ipn.ios.file-provider
2026-08-07T20:42:30Z	verify-v2.profile uuid	A09FFB88-EBFD-4424-9BD8-0DFE49071261 name=iOS Team Store Provisioning Profile: io.tailscale.ipn.ios.share-extension expiry=2026-11-02T19:08:45Z matches_bundle=false app_ids=W5364U7YZB.io.tailscale.ipn.ios.share-extension
2026-08-07T20:42:30Z	verify-v2.profile uuid	A52384CF-D1B0-45C7-A03A-DAF76A383064 name=iOS Team Store Provisioning Profile: io.tailscale.ipn.ios expiry=2026-11-02T19:08:45Z matches_bundle=false app_ids=W5364U7YZB.io.tailscale.ipn.ios
2026-08-07T20:42:30Z	verify-v2.profile uuid	5A7CE68A-57F8-413C-AC56-23576E7786D5 name=iOS Team Store Provisioning Profile: io.tailscale.ipn.ios.file-provider-ui expiry=2026-11-02T19:08:45Z matches_bundle=false app_ids=W5364U7YZB.io.tailscale.ipn.ios.file-provider-ui
2026-08-07T20:42:30Z	verify-v2.profile uuid	4EE396EB-72E1-4B8B-9AEA-A2E8EE2D7CFF name=iOS Team Store Provisioning Profile: io.tailscale.ipn.ios.network-extension expiry=2026-11-02T19:08:45Z matches_bundle=false app_ids=W5364U7YZB.io.tailscale.ipn.ios.network-extension
2026-08-07T20:42:30Z	verify-v2.profile uuid	931B3C0E-2E16-44DF-A91B-CA2F0A9B5EAB name=iOS Team Store Provisioning Profile: io.tailscale.ipn.ios.widgets expiry=2026-11-02T19:08:45Z matches_bundle=false app_ids=W5364U7YZB.io.tailscale.ipn.ios.widgets
2026-08-07T20:42:30Z	verify-v2.profile uuid	942bae87-b125-4168-a1a1-f3684e74e120 name=iOS Team Provisioning Profile: com.SideStore.SideStore.A7VT6RU6XK expiry=2026-08-14T08:31:15Z matches_bundle=false app_ids=A7VT6RU6XK.com.SideStore.SideStore.A7VT6RU6XK
2026-08-07T20:42:30Z	verify-v2.profile uuid	3ce3caff-672a-438b-9c4b-d4e436d7f219 name=iOS Team Provisioning Profile: com.SideStore.SideStore.A7VT6RU6XK expiry=2026-08-14T09:49:55Z matches_bundle=false app_ids=A7VT6RU6XK.com.SideStore.SideStore.A7VT6RU6XK
2026-08-07T20:42:30Z	verify-v2.profile uuid	23b3e415-b1ed-4420-be1f-d29fb2dbad2a name=iOS Team Provisioning Profile: com.SideStore.SideStore.A7VT6RU6XK expiry=2026-08-14T10:17:24Z matches_bundle=false app_ids=A7VT6RU6XK.com.SideStore.SideStore.A7VT6RU6XK
2026-08-07T20:42:30Z	verify-v2.profile uuid	7efadfe2-5c36-4a9f-b86b-9799b8299726 name=iOS Team Provisioning Profile: com.SideStore.SideStore.A7VT6RU6XK expiry=2026-08-14T10:40:40Z matches_bundle=false app_ids=A7VT6RU6XK.com.SideStore.SideStore.A7VT6RU6XK
2026-08-07T20:42:30Z	verify-v2.profile uuid	8f8ca693-4ee2-4f4a-9687-52ee9b5d7ad1 name=iOS Team Provisioning Profile: com.SideStore.SideStore.A7VT6RU6XK expiry=2026-08-14T11:13:31Z matches_bundle=false app_ids=A7VT6RU6XK.com.SideStore.SideStore.A7VT6RU6XK
2026-08-07T20:42:30Z	verify-v2.profile uuid	8bdbe42c-e910-4015-9ccb-3842a4c68153 name=iOS Team Provisioning Profile: com.SideStore.SideStore.A7VT6RU6XK expiry=2026-08-14T11:30:25Z matches_bundle=false app_ids=A7VT6RU6XK.com.SideStore.SideStore.A7VT6RU6XK
2026-08-07T20:42:30Z	verify-v2.profile uuid	90A097BA-D66C-491F-B387-55A8E16696E6 name=iOS Team Store Provisioning Profile: com.lpierpoint.strand expiry=2026-11-05T06:45:39Z matches_bundle=false app_ids=8JR4R8VQ57.com.lpierpoint.strand
2026-08-07T20:42:30Z	verify-v2.profile uuid	EC0689E0-2846-48F2-80D8-87847922D5D7 name=com.revolut.revolut.IntentsExtension-distribution expiry=2026-11-04T01:39:25Z matches_bundle=false app_ids=QUZEZSEARC.com.revolut.revolut.IntentsExtension
2026-08-07T20:42:30Z	verify-v2.profile uuid	F14B93D9-2DDE-4C71-BC2E-BE7598330B3E name=Revolut ShortcutsWidget Distribution Profile expiry=2026-11-04T01:39:25Z matches_bundle=false app_ids=QUZEZSEARC.com.revolut.revolut.ShortcutsWidget
2026-08-07T20:42:30Z	verify-v2.profile uuid	26D57876-9669-4C1E-83EA-7221BCA91C79 name=RevolutApplePayDistributionProfile expiry=2026-11-04T01:39:25Z matches_bundle=false app_ids=QUZEZSEARC.com.revolut.revolut
2026-08-07T20:42:30Z	verify-v2.profile uuid	ECE1FDD9-F4EA-4202-BFDD-2658FF71E820 name=com.revolut.revolut.WalletExtension-distribution expiry=2026-11-04T01:39:25Z matches_bundle=false app_ids=QUZEZSEARC.com.revolut.revolut.WalletExtension
2026-08-07T20:42:30Z	verify-v2.profile uuid	D2DC8AD6-4FBA-41AD-BDB8-F3CF8D0A73C1 name=com.revolut.revolut.Clip AppStore expiry=2026-11-04T01:39:25Z matches_bundle=false app_ids=QUZEZSEARC.com.revolut.revolut.Clip
2026-08-07T20:42:30Z	verify-v2.profile uuid	F25DF485-9BB8-4C11-8EA7-9B28CF8D23CE name=RevolutDistributionProfileWatchkitextension expiry=2026-11-04T01:39:25Z matches_bundle=false app_ids=QUZEZSEARC.com.revolut.revolut.watchkitapp.watchkitextension
2026-08-07T20:42:30Z	verify-v2.profile uuid	19FCFAB1-1206-473C-9C7A-EFCCA4C028A5 name=NotificationService Distribution Profile expiry=2026-11-04T01:39:25Z matches_bundle=false app_ids=QUZEZSEARC.com.revolut.revolut.NotificationService
2026-08-07T20:42:30Z	verify-v2.profile uuid	9A3FBD7F-15D1-4801-A13A-DE24541EC150 name=com.revolut.revolut.WalletAuthExtension-distribution expiry=2026-11-04T01:39:25Z matches_bundle=false app_ids=QUZEZSEARC.com.revolut.revolut.WalletAuthExtension
2026-08-07T20:42:30Z	verify-v2.profile uuid	E17ECB6C-7FAD-48EB-B87B-365998F0B153 name=RevolutDistributionProfileWatchkitapp expiry=2026-11-04T01:39:25Z matches_bundle=false app_ids=QUZEZSEARC.com.revolut.revolut.watchkitapp
2026-08-07T20:42:30Z	verify-v2.profile uuid	b63b473c-4646-40cd-9c33-c3a19f83f074 name=iOS Team Provisioning Profile: org.sidey.phasetest.A7VT6RU6XK expiry=2026-08-14T20:28:47Z matches_bundle=true app_ids=A7VT6RU6XK.org.sidey.phasetest.A7VT6RU6XK
2026-08-07T20:42:30Z	verify-v2.profile uuid	642579c8-9911-4f91-8b16-0c30b9c79ba5 name=iOS Team Provisioning Profile: org.sidey.phasetest.A7VT6RU6XK expiry=2026-08-14T20:28:58Z matches_bundle=true app_ids=A7VT6RU6XK.org.sidey.phasetest.A7VT6RU6XK
2026-08-07T20:42:30Z	verify-v2.profile uuid	b839c952-9d59-4e53-b92f-8b7bc2ff3bb2 name=iOS Team Provisioning Profile: org.sidey.phasetest.A7VT6RU6XK expiry=2026-08-14T20:32:09Z matches_bundle=true app_ids=A7VT6RU6XK.org.sidey.phasetest.A7VT6RU6XK
2026-08-07T20:42:30Z	verify-v2.profile uuid	a6eeba32-8180-4974-87f1-7b45ed949dbf name=iOS Team Provisioning Profile: org.sidey.phasetest.A7VT6RU6XK expiry=2026-08-14T20:32:17Z matches_bundle=true app_ids=A7VT6RU6XK.org.sidey.phasetest.A7VT6RU6XK
2026-08-07T20:42:30Z	verify-v2.profile uuid	fe990576-4fcf-4953-bf7b-d7c8416db26f name=iOS Team Provisioning Profile: org.sidey.phasetest.A7VT6RU6XK expiry=2026-08-14T20:33:42Z matches_bundle=true app_ids=A7VT6RU6XK.org.sidey.phasetest.A7VT6RU6XK
2026-08-07T20:42:30Z	verify-v2.profile uuid	8358dcd1-c3a3-47c7-8a83-272540d0a6e5 name=iOS Team Provisioning Profile: org.sidey.phasetest.A7VT6RU6XK expiry=2026-08-14T20:37:56Z matches_bundle=true app_ids=A7VT6RU6XK.org.sidey.phasetest.A7VT6RU6XK
2026-08-07T20:42:30Z	verify-v2.profile uuid	7cf50854-e936-49d2-8f0f-ec2a137b8a03 name=iOS Team Provisioning Profile: org.sidey.phasetest.A7VT6RU6XK expiry=2026-08-14T20:40:37Z matches_bundle=true app_ids=A7VT6RU6XK.org.sidey.phasetest.A7VT6RU6XK
2026-08-07T20:42:30Z	verify-v2.profile uuid	3deb8f5b-db47-49dc-9b21-9327cdde036a name=iOS Team Provisioning Profile: org.sidey.phasetest.A7VT6RU6XK expiry=2026-08-14T20:40:52Z matches_bundle=true app_ids=A7VT6RU6XK.org.sidey.phasetest.A7VT6RU6XK
2026-08-07T20:42:30Z	verify-v2.profile uuid	bae021a8-67f3-4f82-9b13-5f61952004a6 name=iOS Team Provisioning Profile: org.sidey.phasetest.A7VT6RU6XK expiry=2026-08-14T20:42:01Z matches_bundle=true app_ids=A7VT6RU6XK.org.sidey.phasetest.A7VT6RU6XK
2026-08-07T20:42:30Z	verify-v2.profile uuid	ab6c2f6f-0056-4b77-8e42-80b5f9240a26 name=iOS Team Provisioning Profile: org.sidey.phasetest.A7VT6RU6XK expiry=2026-08-14T20:42:18Z matches_bundle=true app_ids=A7VT6RU6XK.org.sidey.phasetest.A7VT6RU6XK
2026-08-07T20:42:32Z	uninstall:exit	0
2026-08-07T20:42:34Z	apps-final:exit	0
